Archive member included to satisfy reference by file (symbol)

C:/Program Files/SEGGER/SEGGER Embedded Studio for ARM 3.52a/lib/libc_v7em_fpv4_sp_d16_hard_t_le_eabi.a(libc_asm.o)
                              Output/mPower Release/Obj/bsp.o (__aeabi_uldivmod)
C:/Program Files/SEGGER/SEGGER Embedded Studio for ARM 3.52a/lib/libc_v7em_fpv4_sp_d16_hard_t_le_eabi.a(libc2.o)
                              Output/mPower Release/Obj/nrf_log_str_formatter.o (isprint)
C:/Program Files/SEGGER/SEGGER Embedded Studio for ARM 3.52a/lib/libc_v7em_fpv4_sp_d16_hard_t_le_eabi.a(libc2_asm.o)
                              Output/mPower Release/Obj/nrf_log_frontend.o (memcpy)
C:/Program Files/SEGGER/SEGGER Embedded Studio for ARM 3.52a/lib/libc_v7em_fpv4_sp_d16_hard_t_le_eabi.a(libc.o)
                              C:/Program Files/SEGGER/SEGGER Embedded Studio for ARM 3.52a/lib/libc_v7em_fpv4_sp_d16_hard_t_le_eabi.a(libc2.o) (__heap_lock)
C:/Program Files/SEGGER/SEGGER Embedded Studio for ARM 3.52a/lib/libdebugio_v7em_fpv4_sp_d16_hard_t_le_eabi.a(libdebugio.o)
                              Output/mPower Release/Obj/thumb_crt0.o (debug_fopen)
C:/Program Files/SEGGER/SEGGER Embedded Studio for ARM 3.52a/lib/libdebugio_mempoll_v7em_fpv4_sp_d16_hard_t_le_eabi.a(mempoll_debug_operations.o)
                              C:/Program Files/SEGGER/SEGGER Embedded Studio for ARM 3.52a/lib/libdebugio_v7em_fpv4_sp_d16_hard_t_le_eabi.a(libdebugio.o) (__do_debug_operation)
C:/Program Files/SEGGER/SEGGER Embedded Studio for ARM 3.52a/lib/libdebugio_mempoll_v7em_fpv4_sp_d16_hard_t_le_eabi.a(do_nv_debug_operation.o)
                              C:/Program Files/SEGGER/SEGGER Embedded Studio for ARM 3.52a/lib/libdebugio_v7em_fpv4_sp_d16_hard_t_le_eabi.a(libdebugio.o) (__do_nvdebug_operation)
C:/Program Files/SEGGER/SEGGER Embedded Studio for ARM 3.52a/lib/libm_v7em_fpv4_sp_d16_hard_t_le_eabi.a(libm_asm.o)
                              C:/Program Files/SEGGER/SEGGER Embedded Studio for ARM 3.52a/lib/libc_v7em_fpv4_sp_d16_hard_t_le_eabi.a(libc2.o) (__aeabi_i2d)
C:/Program Files/SEGGER/SEGGER Embedded Studio for ARM 3.52a/lib/libm_v7em_fpv4_sp_d16_hard_t_le_eabi.a(libm2.o)
                              C:/Program Files/SEGGER/SEGGER Embedded Studio for ARM 3.52a/lib/libvfprintf_v7em_fpv4_sp_d16_hard_t_le_eabi.o (frexp)
C:/Program Files/SEGGER/SEGGER Embedded Studio for ARM 3.52a/lib/libm_v7em_fpv4_sp_d16_hard_t_le_eabi.a(libm2_asm.o)
                              C:/Program Files/SEGGER/SEGGER Embedded Studio for ARM 3.52a/lib/libm_v7em_fpv4_sp_d16_hard_t_le_eabi.a(libm2.o) (fabs)

Discarded input sections

 .text          0x0000000000000000        0x0 Output/mPower Release/Obj/thumb_crt0.o
 .data          0x0000000000000000        0x0 Output/mPower Release/Obj/thumb_crt0.o
 .bss           0x0000000000000000        0x0 Output/mPower Release/Obj/thumb_crt0.o
 .text.__aeabi_read_tp
                0x0000000000000000        0x8 Output/mPower Release/Obj/thumb_crt0.o
 .text.abort    0x0000000000000000        0x2 Output/mPower Release/Obj/thumb_crt0.o
 .text.__assert
                0x0000000000000000        0x2 Output/mPower Release/Obj/thumb_crt0.o
 .text.__aeabi_assert
                0x0000000000000000        0x2 Output/mPower Release/Obj/thumb_crt0.o
 .text.__sync_synchronize
                0x0000000000000000        0x2 Output/mPower Release/Obj/thumb_crt0.o
 .text.__getchar
                0x0000000000000000        0x4 Output/mPower Release/Obj/thumb_crt0.o
 .text.__putchar
                0x0000000000000000        0x4 Output/mPower Release/Obj/thumb_crt0.o
 .text.__open   0x0000000000000000        0x4 Output/mPower Release/Obj/thumb_crt0.o
 .text.__close  0x0000000000000000        0x4 Output/mPower Release/Obj/thumb_crt0.o
 .text.__write  0x0000000000000000        0xa Output/mPower Release/Obj/thumb_crt0.o
 .text.__read   0x0000000000000000        0xa Output/mPower Release/Obj/thumb_crt0.o
 .text.__seek   0x0000000000000000       0x1a Output/mPower Release/Obj/thumb_crt0.o
 .bss.__user_locale_name_buffer
                0x0000000000000000        0x4 Output/mPower Release/Obj/thumb_crt0.o
 .stack         0x0000000000000000        0x0 Output/mPower Release/Obj/thumb_crt0.o
 .stack_process
                0x0000000000000000        0x0 Output/mPower Release/Obj/thumb_crt0.o
 .heap          0x0000000000000000        0x0 Output/mPower Release/Obj/thumb_crt0.o
 .group         0x0000000000000000        0xc Output/mPower Release/Obj/nrf_log_backend_rtt.o
 .group         0x0000000000000000        0xc Output/mPower Release/Obj/nrf_log_backend_rtt.o
 .group         0x0000000000000000        0xc Output/mPower Release/Obj/nrf_log_backend_rtt.o
 .group         0x0000000000000000        0xc Output/mPower Release/Obj/nrf_log_backend_rtt.o
 .group         0x0000000000000000        0xc Output/mPower Release/Obj/nrf_log_backend_rtt.o
 .group         0x0000000000000000        0xc Output/mPower Release/Obj/nrf_log_backend_rtt.o
[...]
Memory Configuration

Name             Origin             Length             Attributes
UNPLACED_SECTIONS 0x0000000100000000 0x0000000000000000 xw
RAM              0x0000000020000000 0x0000000000010000 xw
FLASH            0x0000000000000000 0x0000000000080000 xw
*default*        0x0000000000000000 0xffffffffffffffff

Linker script and memory map

                0x000000000002f520                __vfprintf = __vfprintf_long
                0x0000000000000000                __vfscanf = __vfscanf_int
                0x0000000020000000                __RAM_segment_start__ = 0x20000000
                0x0000000020010000                __RAM_segment_end__ = 0x20010000
                0x0000000000010000                __RAM_segment_size__ = 0x10000
                0x0000000000000000                __FLASH_segment_start__ = 0x0
                0x0000000000080000                __FLASH_segment_end__ = 0x80000
                0x0000000000080000                __FLASH_segment_size__ = 0x80000
                0x0000000000002000                __HEAPSIZE__ = 0x2000
                0x0000000000000000                __STACKSIZE_PROCESS__ = 0x0
                0x0000000000002000                __STACKSIZE__ = 0x2000
                0x0000000020000000                __reserved_ram_load_start__ = 0x20000000

.reserved_ram   0x0000000020000000     0x2220
                0x0000000020000000                __reserved_ram_start__ = .
 *(.reserved_ram .reserved_ram.*)
                0x0000000020002220                . = MAX (((__reserved_ram_start__ + 0x20002220) - 0x20000000), .)
 *fill*         0x0000000020000000     0x2220 
                0x0000000020002220                __reserved_ram_end__ = (__reserved_ram_start__ + SIZEOF (.reserved_ram))
                0x0000000000002220                __reserved_ram_size__ = SIZEOF (.reserved_ram)
                0x0000000020002220                __reserved_ram_load_end__ = __reserved_ram_end__
                0x0000000000000001                . = ASSERT (((__reserved_ram_start__ == __reserved_ram_end__) || ((__reserved_ram_end__ >= __RAM_segment_start__) && (__reserved_ram_end__ <= __RAM_segment_end__))), error: .reserved_ram is too large to fit in RAM memory segment)
                0x0000000020002220                __vectors_ram_load_start__ = 0x20002220

.vectors_ram    0x0000000020002220        0x0
                0x0000000020002220                __vectors_ram_start__ = .
                0x0000000020002220                __app_ram_start__ = __vectors_ram_start__
 *(.vectors_ram .vectors_ram.*)
                0x0000000020002220                __vectors_ram_end__ = (__vectors_ram_start__ + SIZEOF (.vectors_ram))
                0x0000000000000000                __vectors_ram_size__ = SIZEOF (.vectors_ram)
                0x0000000020002220                __vectors_ram_load_end__ = __vectors_ram_end__
                0x0000000000000001                . = ASSERT (((__vectors_ram_start__ == __vectors_ram_end__) || ((__vectors_ram_end__ >= __RAM_segment_start__) && (__vectors_ram_end__ <= __RAM_segment_end__))), error: .vectors_ram is too large to fit in RAM memory segment)
                0x0000000000000001                . = ASSERT ((__reserved_ram_end__ <= __vectors_ram_start__), error: section .reserved_ram overlaps absolute placed section .vectors_ram)
                0x0000000020002220                __nrf_sections_run_load_start__ = ALIGN (__vectors_ram_end__, 0x4)

.nrf_sections_run
                0x0000000020002220        0x0
                0x0000000020002220                __nrf_sections_run_start__ = .
                0x0000000020002220                __start_nrf_sections_run = __nrf_sections_run_start__
 *(.nrf_sections_run .nrf_sections_run.*)
                0x0000000020002220                __nrf_sections_run_end__ = (__nrf_sections_run_start__ + SIZEOF (.nrf_sections_run))
                0x0000000000000000                __nrf_sections_run_size__ = SIZEOF (.nrf_sections_run)
                0x0000000020002220                __nrf_sections_run_load_end__ = __nrf_sections_run_end__
                0x0000000000000001                . = ASSERT (((__nrf_sections_run_start__ == __nrf_sections_run_end__) || ((__nrf_sections_run_end__ >= __RAM_segment_start__) && (__nrf_sections_run_end__ <= __RAM_segment_end__))), error: .nrf_sections_run is too large to fit in RAM memory segment)
                0x0000000000000000                __reserved_flash_load_start__ = 0x0

.reserved_flash
                0x0000000000000000    0x26000
                0x0000000000000000                __reserved_flash_start__ = .
 *(.reserved_flash .reserved_flash.*)
                0x0000000000026000                . = MAX (((__reserved_flash_start__ + 0x26000) - 0x0), .)
 *fill*         0x0000000000000000    0x26000 
                0x0000000000026000                __reserved_flash_end__ = (__reserved_flash_start__ + SIZEOF (.reserved_flash))
                0x0000000000026000                __reserved_flash_size__ = SIZEOF (.reserved_flash)
                0x0000000000026000                __reserved_flash_load_end__ = __reserved_flash_end__
                0x0000000000000001                . = ASSERT (((__reserved_flash_start__ == __reserved_flash_end__) || ((__reserved_flash_end__ >= __FLASH_segment_start__) && (__reserved_flash_end__ <= __FLASH_segment_end__))), error: .reserved_flash is too large to fit in FLASH memory segment)
                0x0000000000026000                __vectors_load_start__ = 0x26000

.vectors        0x0000000000026000       0xdc
                0x0000000000026000                __vectors_start__ = .
 *(.vectors .vectors.*)
 .vectors       0x0000000000026000       0xdc Output/mPower Release/Obj/ses_nrf52_Vectors.o
                0x0000000000026000                _vectors
                0x00000000000260dc                __vectors_end__ = (__vectors_start__ + SIZEOF (.vectors))
                0x00000000000000dc                __vectors_size__ = SIZEOF (.vectors)
                0x00000000000260dc                __vectors_load_end__ = __vectors_end__
                0x0000000000000001                . = ASSERT (((__vectors_start__ == __vectors_end__) || ((__vectors_end__ >= __FLASH_segment_start__) && (__vectors_end__ <= __FLASH_segment_end__))), error: .vectors is too large to fit in FLASH memory segment)
                0x0000000000000001                . = ASSERT ((__reserved_flash_end__ <= __vectors_start__), error: section .reserved_flash overlaps absolute placed section .vectors)
                0x00000000000260dc                __init_load_start__ = ALIGN (__vectors_end__, 0x4)

.init           0x00000000000260dc      0x218
                0x00000000000260dc                __init_start__ = .
 *(.init .init.*)
 .init          0x00000000000260dc      0x160 Output/mPower Release/Obj/thumb_crt0.o
                0x00000000000260dc                _start
                0x0000000000026192                exit
 .init          0x000000000002623c       0x58 Output/mPower Release/Obj/ses_nRF_Startup.o
                0x000000000002623c                Reset_Handler
                0x0000000000026260                InitializeUserMemorySections
 .init          0x0000000000026294       0x60 Output/mPower Release/Obj/ses_nrf52_Vectors.o
                0x0000000000026294                NMI_Handler
                0x0000000000026296                HardFault_Handler
                0x0000000000026298                MemoryManagement_Handler
                0x000000000002629a                BusFault_Handler
                0x000000000002629c                UsageFault_Handler
                0x000000000002629e                SVC_Handler
                0x00000000000262a0                DebugMon_Handler
                0x00000000000262a2                PendSV_Handler
                0x00000000000262a4                SysTick_Handler
                0x00000000000262aa                RADIO_IRQHandler
                0x00000000000262ae                SPIM0_SPIS0_TWIM0_TWIS0_SPI0_TWI0_IRQHandler
                0x00000000000262b0                SPIM1_SPIS1_TWIM1_TWIS1_SPI1_TWI1_IRQHandler
                0x00000000000262b2                NFCT_IRQHandler
                0x00000000000262b6                SAADC_IRQHandler
                0x00000000000262b8                TIMER0_IRQHandler
                0x00000000000262ba                TIMER1_IRQHandler
                0x00000000000262bc                TIMER2_IRQHandler
                0x00000000000262be                RTC0_IRQHandler
                0x00000000000262c0                TEMP_IRQHandler
                0x00000000000262c2                RNG_IRQHandler
                0x00000000000262c4                ECB_IRQHandler
                0x00000000000262c6                CCM_AAR_IRQHandler
                0x00000000000262c8                WDT_IRQHandler
                0x00000000000262cc                QDEC_IRQHandler
                0x00000000000262ce                COMP_LPCOMP_IRQHandler
                0x00000000000262d2                SWI1_EGU1_IRQHandler
                0x00000000000262d6                SWI3_EGU3_IRQHandler
                0x00000000000262d8                SWI4_EGU4_IRQHandler
                0x00000000000262da                SWI5_EGU5_IRQHandler
                0x00000000000262dc                TIMER3_IRQHandler
                0x00000000000262de                TIMER4_IRQHandler
                0x00000000000262e0                PWM0_IRQHandler
                0x00000000000262e2                PDM_IRQHandler
                0x00000000000262e4                MWU_IRQHandler
                0x00000000000262e6                PWM1_IRQHandler
                0x00000000000262e8                PWM2_IRQHandler
                0x00000000000262ea                SPIM2_SPIS2_SPI2_IRQHandler
                0x00000000000262ec                RTC2_IRQHandler
                0x00000000000262ee                I2S_IRQHandler
                0x00000000000262f0                FPU_IRQHandler
                0x00000000000262f4                __init_end__ = (__init_start__ + SIZEOF (.init))
                0x0000000000000218                __init_size__ = SIZEOF (.init)
                0x00000000000262f4                __init_load_end__ = __init_end__
                0x0000000000000001                . = ASSERT (((__init_start__ == __init_end__) || ((__init_end__ >= __FLASH_segment_start__) && (__init_end__ <= __FLASH_segment_end__))), error: .init is too large to fit in FLASH memory segment)
                0x00000000000262f4                __init_rodata_load_start__ = ALIGN (__init_end__, 0x4)

.init_rodata    0x00000000000262f4        0x0
                0x00000000000262f4                __init_rodata_start__ = .
 *(.init_rodata .init_rodata.*)
                0x00000000000262f4                __init_rodata_end__ = (__init_rodata_start__ + SIZEOF (.init_rodata))
                0x0000000000000000                __init_rodata_size__ = SIZEOF (.init_rodata)
                0x00000000000262f4                __init_rodata_load_end__ = __init_rodata_end__
                0x0000000000000001                . = ASSERT (((__init_rodata_start__ == __init_rodata_end__) || ((__init_rodata_end__ >= __FLASH_segment_start__) && (__init_rodata_end__ <= __FLASH_segment_end__))), error: .init_rodata is too large to fit in FLASH memory segment)
                0x00000000000262f4                __text_load_start__ = ALIGN (__init_rodata_end__, 0x4)

.text           0x00000000000262f4     0x995c
                0x00000000000262f4                __text_start__ = .
 *(.text .text.* .glue_7t .glue_7 .gnu.linkonce.t.* .gcc_except_table .ARM.extab* .gnu.linkonce.armextab.*)
 .glue_7        0x00000000000262f4        0x0 linker stubs
 .glue_7t       0x00000000000262f4        0x0 linker stubs
 .text.nrf_log_backend_rtt_flush
                0x00000000000262f4        0x2 Output/mPower Release/Obj/nrf_log_backend_rtt.o
 *fill*         0x00000000000262f6        0x2 
 .text.nrf_log_backend_rtt_put
                0x00000000000262f8       0x1c Output/mPower Release/Obj/nrf_log_backend_rtt.o
 .text.serial_tx
                0x0000000000026314       0x50 Output/mPower Release/Obj/nrf_log_backend_rtt.o
 .text.nrf_log_backend_rtt_panic_set
                0x0000000000026364        0x2 Output/mPower Release/Obj/nrf_log_backend_rtt.o
 .text.nrf_log_backend_rtt_init
                0x0000000000026366        0x4 Output/mPower Release/Obj/nrf_log_backend_rtt.o
                0x0000000000026366                nrf_log_backend_rtt_init
 .text.nrf_log_backend_serial_put
                0x000000000002636a       0xcc Output/mPower Release/Obj/nrf_log_backend_serial.o
                0x000000000002636a                nrf_log_backend_serial_put
 *fill*         0x0000000000026436        0x2 
 .text.uart_evt_handler
                0x0000000000026438        0xc Output/mPower Release/Obj/nrf_log_backend_uart.o
 .text.nrf_log_backend_uart_flush
                0x0000000000026444        0x2 Output/mPower Release/Obj/nrf_log_backend_uart.o
 *fill*         0x0000000000026446        0x2 
 .text.uart_init
                0x0000000000026448       0x4c Output/mPower Release/Obj/nrf_log_backend_uart.o
 .text.nrf_log_backend_uart_put
                0x0000000000026494       0x1c Output/mPower Release/Obj/nrf_log_backend_uart.o
 .text.serial_tx
                0x00000000000264b0       0x48 Output/mPower Release/Obj/nrf_log_backend_uart.o
 .text.nrf_log_backend_uart_panic_set
                0x00000000000264f8       0x2c Output/mPower Release/Obj/nrf_log_backend_uart.o
 .text.nrf_log_backend_uart_init
                0x0000000000026524        0x6 Output/mPower Release/Obj/nrf_log_backend_uart.o
                0x0000000000026524                nrf_log_backend_uart_init
 *fill*         0x000000000002652a        0x2 
 .text.nrf_log_default_backends_init
                0x000000000002652c       0x30 Output/mPower Release/Obj/nrf_log_default_backends.o
                0x000000000002652c                nrf_log_default_backends_init
 .text.invalid_packets_pushed_str_omit
                0x000000000002655c       0x50 Output/mPower Release/Obj/nrf_log_frontend.o
 .text.buf_prealloc
                0x00000000000265ac      0x134 Output/mPower Release/Obj/nrf_log_frontend.o
 .text.nrf_log_init
                0x00000000000266e0       0x50 Output/mPower Release/Obj/nrf_log_frontend.o
                0x00000000000266e0                nrf_log_init
 .text.nrf_log_module_name_get
                0x0000000000026730       0x3c Output/mPower Release/Obj/nrf_log_frontend.o
                0x0000000000026730                nrf_log_module_name_get
 .text.nrf_log_color_id_get
                0x000000000002676c       0x2c Output/mPower Release/Obj/nrf_log_frontend.o
                0x000000000002676c                nrf_log_color_id_get
 .text.buffer_is_empty
                0x0000000000026798       0x14 Output/mPower Release/Obj/nrf_log_frontend.o
                0x0000000000026798                buffer_is_empty
 .text.nrf_log_frontend_dequeue
                0x00000000000267ac      0x214 Output/mPower Release/Obj/nrf_log_frontend.o
                0x00000000000267ac                nrf_log_frontend_dequeue
 .text.std_n    0x00000000000269c0       0xb0 Output/mPower Release/Obj/nrf_log_frontend.o
 .text.nrf_log_frontend_std_0
                0x0000000000026a70        0x8 Output/mPower Release/Obj/nrf_log_frontend.o
                0x0000000000026a70                nrf_log_frontend_std_0
 .text.nrf_log_frontend_std_1
                0x0000000000026a78       0x14 Output/mPower Release/Obj/nrf_log_frontend.o
                0x0000000000026a78                nrf_log_frontend_std_1
 .text.nrf_log_frontend_std_2
                0x0000000000026a8c       0x14 Output/mPower Release/Obj/nrf_log_frontend.o
                0x0000000000026a8c                nrf_log_frontend_std_2
 .text.nrf_log_frontend_std_3
                0x0000000000026aa0       0x18 Output/mPower Release/Obj/nrf_log_frontend.o
                0x0000000000026aa0                nrf_log_frontend_std_3
 .text.nrf_log_backend_add
                0x0000000000026ab8       0x44 Output/mPower Release/Obj/nrf_log_frontend.o
                0x0000000000026ab8                nrf_log_backend_add
 .text.nrf_log_panic
                0x0000000000026afc       0x28 Output/mPower Release/Obj/nrf_log_frontend.o
                0x0000000000026afc                nrf_log_panic
 .text.postfix_process
                0x0000000000026b24       0x3c Output/mPower Release/Obj/nrf_log_str_formatter.o
 .text.prefix_process
                0x0000000000026b60       0x78 Output/mPower Release/Obj/nrf_log_str_formatter.o
 .text.nrf_log_std_entry_process
                0x0000000000026bd8       0xc8 Output/mPower Release/Obj/nrf_log_str_formatter.o
                0x0000000000026bd8                nrf_log_std_entry_process
 .text.nrf_log_hexdump_entry_process
                0x0000000000026ca0       0xac Output/mPower Release/Obj/nrf_log_str_formatter.o
                0x0000000000026ca0                nrf_log_hexdump_entry_process
 .text.detection_delay_timeout_handler
                0x0000000000026d4c      0x104 Output/mPower Release/Obj/app_button.o
 .text.gpiote_event_handler
                0x0000000000026e50       0xa8 Output/mPower Release/Obj/app_button.o
 .text.app_button_init
                0x0000000000026ef8       0xa8 Output/mPower Release/Obj/app_button.o
                0x0000000000026ef8                app_button_init
 .text.app_button_enable
                0x0000000000026fa0       0x2c Output/mPower Release/Obj/app_button.o
                0x0000000000026fa0                app_button_enable
 .text.app_error_handler_bare
                0x0000000000026fcc       0x1a Output/mPower Release/Obj/app_error.o
                0x0000000000026fcc                app_error_handler_bare
 *fill*         0x0000000000026fe6        0x2 
 .text.app_error_fault_handler
                0x0000000000026fe8       0x6c Output/mPower Release/Obj/app_error_weak.o
                0x0000000000026fe8                app_error_fault_handler
 .text.user_op_alloc
                0x0000000000027054       0x2c Output/mPower Release/Obj/app_timer.o
 .text.timer_stop_op_schedule
                0x0000000000027080       0x50 Output/mPower Release/Obj/app_timer.o
 .text.nrfx_coredep_delay_us.constprop.3
                0x00000000000270d0       0x10 Output/mPower Release/Obj/app_timer.o
 .text.rtc1_stop
                0x00000000000270e0       0x44 Output/mPower Release/Obj/app_timer.o
 .text.RTC1_IRQHandler
                0x0000000000027124       0x9c Output/mPower Release/Obj/app_timer.o
                0x0000000000027124                RTC1_IRQHandler
 .text.SWI0_EGU0_IRQHandler
                0x00000000000271c0      0x2ac Output/mPower Release/Obj/app_timer.o
                0x00000000000271c0                SWI0_EGU0_IRQHandler
 .text.app_timer_init
                0x000000000002746c       0x60 Output/mPower Release/Obj/app_timer.o
                0x000000000002746c                app_timer_init
 .text.app_timer_create
                0x00000000000274cc       0x24 Output/mPower Release/Obj/app_timer.o
                0x00000000000274cc                app_timer_create
 .text.app_timer_start
                0x00000000000274f0       0x88 Output/mPower Release/Obj/app_timer.o
                0x00000000000274f0                app_timer_start
 .text.app_timer_stop
                0x0000000000027578       0x20 Output/mPower Release/Obj/app_timer.o
                0x0000000000027578                app_timer_stop
 .text.app_util_critical_region_enter
                0x0000000000027598       0x48 Output/mPower Release/Obj/app_util_platform.o
                0x0000000000027598                app_util_critical_region_enter
 .text.app_util_critical_region_exit
                0x00000000000275e0       0x2c Output/mPower Release/Obj/app_util_platform.o
                0x00000000000275e0                app_util_critical_region_exit
 .text.event_send
                0x000000000002760c       0x20 Output/mPower Release/Obj/fds.o
 .text.write_space_reserve
                0x000000000002762c       0x5c Output/mPower Release/Obj/fds.o
 .text.gc_page_erase
                0x0000000000027688       0x40 Output/mPower Release/Obj/fds.o
 .text.page_tag_write_swap
                0x00000000000276c8       0x28 Output/mPower Release/Obj/fds.o
 .text.page_tag_write_data
                0x00000000000276f0       0x20 Output/mPower Release/Obj/fds.o
 .text.record_header_flag_dirty
                0x0000000000027710       0x38 Output/mPower Release/Obj/fds.o
 .text.gc_record_copy
                0x0000000000027748       0x38 Output/mPower Release/Obj/fds.o
 .text.queue_buf_get
                0x0000000000027780       0x1c Output/mPower Release/Obj/fds.o
 .text.header_check
                0x000000000002779c       0x28 Output/mPower Release/Obj/fds.o
 .text.page_scan
                0x00000000000277c4       0x6c Output/mPower Release/Obj/fds.o
 .text.record_find_next
                0x0000000000027830       0x58 Output/mPower Release/Obj/fds.o
 .text.record_find_by_desc
                0x0000000000027888       0xac Output/mPower Release/Obj/fds.o
 .text.record_find
                0x0000000000027934       0x8c Output/mPower Release/Obj/fds.o
 .text.gc_record_find_next
                0x00000000000279c0       0x24 Output/mPower Release/Obj/fds.o
 .text.queue_process
                0x00000000000279e4      0x4c0 Output/mPower Release/Obj/fds.o
 .text.fs_event_handler
                0x0000000000027ea4        0x6 Output/mPower Release/Obj/fds.o
 *fill*         0x0000000000027eaa        0x2 
 .text.queue_start
                0x0000000000027eac       0x1c Output/mPower Release/Obj/fds.o
 .text.write_enqueue
                0x0000000000027ec8       0xf0 Output/mPower Release/Obj/fds.o
 .text.fds_register
                0x0000000000027fb8       0x2c Output/mPower Release/Obj/fds.o
                0x0000000000027fb8                fds_register
 .text.fds_init
                0x0000000000027fe4      0x22c Output/mPower Release/Obj/fds.o
                0x0000000000027fe4                fds_init
 .text.fds_record_open
                0x0000000000028210       0x48 Output/mPower Release/Obj/fds.o
                0x0000000000028210                fds_record_open
 .text.fds_record_close
                0x0000000000028258       0x44 Output/mPower Release/Obj/fds.o
                0x0000000000028258                fds_record_close
 .text.fds_reserve
                0x000000000002829c       0x34 Output/mPower Release/Obj/fds.o
                0x000000000002829c                fds_reserve
 .text.fds_reserve_cancel
                0x00000000000282d0       0x4c Output/mPower Release/Obj/fds.o
                0x00000000000282d0                fds_reserve_cancel
 .text.fds_record_write
                0x000000000002831c        0x8 Output/mPower Release/Obj/fds.o
                0x000000000002831c                fds_record_write
 .text.fds_record_write_reserved
                0x0000000000028324        0xc Output/mPower Release/Obj/fds.o
                0x0000000000028324                fds_record_write_reserved
 .text.fds_record_update
                0x0000000000028330        0xe Output/mPower Release/Obj/fds.o
                0x0000000000028330                fds_record_update
 *fill*         0x000000000002833e        0x2 
 .text.fds_file_delete
                0x0000000000028340       0x4c Output/mPower Release/Obj/fds.o
                0x0000000000028340                fds_file_delete
 .text.fds_gc   0x000000000002838c       0x48 Output/mPower Release/Obj/fds.o
                0x000000000002838c                fds_gc
 .text.fds_record_find
                0x00000000000283d4       0x1c Output/mPower Release/Obj/fds.o
                0x00000000000283d4                fds_record_find
 .text.fds_record_find_by_key
                0x00000000000283f0       0x18 Output/mPower Release/Obj/fds.o
                0x00000000000283f0                fds_record_find_by_key
 .text.fds_record_find_in_file
                0x0000000000028408       0x18 Output/mPower Release/Obj/fds.o
                0x0000000000028408                fds_record_find_in_file
 .text.fds_record_id_from_desc
                0x0000000000028420       0x10 Output/mPower Release/Obj/fds.o
                0x0000000000028420                fds_record_id_from_desc
 .text.nrf_atfifo_init
                0x0000000000028430       0x26 Output/mPower Release/Obj/nrf_atfifo.o
                0x0000000000028430                nrf_atfifo_init
 .text.nrf_atfifo_clear
                0x0000000000028456       0x44 Output/mPower Release/Obj/nrf_atfifo.o
                0x0000000000028456                nrf_atfifo_clear
 .text.nrf_atfifo_item_alloc
                0x000000000002849a       0x54 Output/mPower Release/Obj/nrf_atfifo.o
                0x000000000002849a                nrf_atfifo_item_alloc
 .text.nrf_atfifo_item_put
                0x00000000000284ee       0x20 Output/mPower Release/Obj/nrf_atfifo.o
                0x00000000000284ee                nrf_atfifo_item_put
 .text.nrf_atfifo_item_get
                0x000000000002850e       0x56 Output/mPower Release/Obj/nrf_atfifo.o
                0x000000000002850e                nrf_atfifo_item_get
 .text.nrf_atfifo_item_free
                0x0000000000028564       0x20 Output/mPower Release/Obj/nrf_atfifo.o
                0x0000000000028564                nrf_atfifo_item_free
 .text.nrf_atflags_set
                0x0000000000028584       0x12 Output/mPower Release/Obj/nrf_atflags.o
                0x0000000000028584                nrf_atflags_set
 .text.nrf_atflags_fetch_set
                0x0000000000028596       0x1c Output/mPower Release/Obj/nrf_atflags.o
                0x0000000000028596                nrf_atflags_fetch_set
 .text.nrf_atflags_clear
                0x00000000000285b2       0x14 Output/mPower Release/Obj/nrf_atflags.o
                0x00000000000285b2                nrf_atflags_clear
 .text.nrf_atflags_get
                0x00000000000285c6       0x12 Output/mPower Release/Obj/nrf_atflags.o
                0x00000000000285c6                nrf_atflags_get
 .text.nrf_atflags_find_and_set_flag
                0x00000000000285d8       0x5a Output/mPower Release/Obj/nrf_atflags.o
                0x00000000000285d8                nrf_atflags_find_and_set_flag
 .text.nrf_atomic_u32_fetch_store
                0x0000000000028632       0x14 Output/mPower Release/Obj/nrf_atomic.o
                0x0000000000028632                nrf_atomic_u32_fetch_store
 .text.nrf_atomic_u32_fetch_or
                0x0000000000028646       0x16 Output/mPower Release/Obj/nrf_atomic.o
                0x0000000000028646                nrf_atomic_u32_fetch_or
 .text.nrf_atomic_u32_or
                0x000000000002865c       0x16 Output/mPower Release/Obj/nrf_atomic.o
                0x000000000002865c                nrf_atomic_u32_or
 .text.nrf_atomic_u32_fetch_and
                0x0000000000028672       0x16 Output/mPower Release/Obj/nrf_atomic.o
                0x0000000000028672                nrf_atomic_u32_fetch_and
 .text.nrf_atomic_u32_and
                0x0000000000028688       0x16 Output/mPower Release/Obj/nrf_atomic.o
                0x0000000000028688                nrf_atomic_u32_and
 .text.nrf_atomic_u32_fetch_add
                0x000000000002869e       0x16 Output/mPower Release/Obj/nrf_atomic.o
                0x000000000002869e                nrf_atomic_u32_fetch_add
 .text.nrf_atomic_u32_add
                0x00000000000286b4       0x16 Output/mPower Release/Obj/nrf_atomic.o
                0x00000000000286b4                nrf_atomic_u32_add
 .text.nrf_atomic_u32_sub
                0x00000000000286ca       0x16 Output/mPower Release/Obj/nrf_atomic.o
                0x00000000000286ca                nrf_atomic_u32_sub
 .text.nrf_atomic_flag_set_fetch
                0x00000000000286e0        0x6 Output/mPower Release/Obj/nrf_atomic.o
                0x00000000000286e0                nrf_atomic_flag_set_fetch
 .text.nrf_atomic_flag_set
                0x00000000000286e6        0x6 Output/mPower Release/Obj/nrf_atomic.o
                0x00000000000286e6                nrf_atomic_flag_set
 .text.nrf_atomic_flag_clear_fetch
                0x00000000000286ec        0x6 Output/mPower Release/Obj/nrf_atomic.o
                0x00000000000286ec                nrf_atomic_flag_clear_fetch
 .text.nrf_balloc_init
                0x00000000000286f2       0x2e Output/mPower Release/Obj/nrf_balloc.o
                0x00000000000286f2                nrf_balloc_init
 .text.nrf_balloc_alloc
                0x0000000000028720       0x46 Output/mPower Release/Obj/nrf_balloc.o
                0x0000000000028720                nrf_balloc_alloc
 .text.nrf_balloc_free
                0x0000000000028766       0x32 Output/mPower Release/Obj/nrf_balloc.o
                0x0000000000028766                nrf_balloc_free
 .text.nrf_fprintf_buffer_flush
                0x0000000000028798       0x16 Output/mPower Release/Obj/nrf_fprintf.o
                0x0000000000028798                nrf_fprintf_buffer_flush
 .text.nrf_fprintf
                0x00000000000287ae       0x1e Output/mPower Release/Obj/nrf_fprintf.o
                0x00000000000287ae                nrf_fprintf
 .text.buffer_add
                0x00000000000287cc       0x1e Output/mPower Release/Obj/nrf_fprintf_format.o
 *fill*         0x00000000000287ea        0x2 
 .text.unsigned_print
                0x00000000000287ec       0xac Output/mPower Release/Obj/nrf_fprintf_format.o
 .text.nrf_fprintf_fmt
                0x0000000000028898      0x28a Output/mPower Release/Obj/nrf_fprintf_format.o
                0x0000000000028898                nrf_fprintf_fmt
 *fill*         0x0000000000028b22        0x2 
 .text.nrf_fstorage_init
                0x0000000000028b24       0x5c Output/mPower Release/Obj/nrf_fstorage.o
                0x0000000000028b24                nrf_fstorage_init
 .text.nrf_fstorage_write
                0x0000000000028b80      0x108 Output/mPower Release/Obj/nrf_fstorage.o
                0x0000000000028b80                nrf_fstorage_write
 .text.nrf_fstorage_erase
                0x0000000000028c88       0xbc Output/mPower Release/Obj/nrf_fstorage.o
                0x0000000000028c88                nrf_fstorage_erase
 .text.nrf_fstorage_is_busy
                0x0000000000028d44       0x4c Output/mPower Release/Obj/nrf_fstorage.o
                0x0000000000028d44                nrf_fstorage_is_busy
 .text.sd_flash_write
                0x0000000000028d90        0x4 Output/mPower Release/Obj/nrf_fstorage_sd.o
 .text.sd_flash_page_erase
                0x0000000000028d94        0x4 Output/mPower Release/Obj/nrf_fstorage_sd.o
 .text.event_send
                0x0000000000028d98       0x50 Output/mPower Release/Obj/nrf_fstorage_sd.o
 .text.rmap     0x0000000000028de8        0x4 Output/mPower Release/Obj/nrf_fstorage_sd.o
 .text.wmap     0x0000000000028dec        0x4 Output/mPower Release/Obj/nrf_fstorage_sd.o
 .text.is_busy  0x0000000000028df0       0x10 Output/mPower Release/Obj/nrf_fstorage_sd.o
 .text.nrf_fstorage_sdh_req_handler
                0x0000000000028e00       0x14 Output/mPower Release/Obj/nrf_fstorage_sd.o
                0x0000000000028e00                nrf_fstorage_sdh_req_handler
 .text.read     0x0000000000028e14        0xe Output/mPower Release/Obj/nrf_fstorage_sd.o
 *fill*         0x0000000000028e22        0x2 
 .text.uninit   0x0000000000028e24       0x20 Output/mPower Release/Obj/nrf_fstorage_sd.o
 .text.init     0x0000000000028e44       0x38 Output/mPower Release/Obj/nrf_fstorage_sd.o
 .text.queue_process
                0x0000000000028e7c       0xa4 Output/mPower Release/Obj/nrf_fstorage_sd.o
 .text.nrf_fstorage_sys_evt_handler
                0x0000000000028f20       0xa8 Output/mPower Release/Obj/nrf_fstorage_sd.o
                0x0000000000028f20                nrf_fstorage_sys_evt_handler
 .text.nrf_fstorage_sdh_state_handler
                0x0000000000028fc8       0x20 Output/mPower Release/Obj/nrf_fstorage_sd.o
                0x0000000000028fc8                nrf_fstorage_sdh_state_handler
 .text.queue_start
                0x0000000000028fe8       0x20 Output/mPower Release/Obj/nrf_fstorage_sd.o
 .text.erase    0x0000000000029008       0x4c Output/mPower Release/Obj/nrf_fstorage_sd.o
 .text.write    0x0000000000029054       0x50 Output/mPower Release/Obj/nrf_fstorage_sd.o
 .text.nrf_memobj_pool_init
                0x00000000000290a4        0x4 Output/mPower Release/Obj/nrf_memobj.o
                0x00000000000290a4                nrf_memobj_pool_init
 .text.nrf_memobj_free
                0x00000000000290a8       0x2c Output/mPower Release/Obj/nrf_memobj.o
                0x00000000000290a8                nrf_memobj_free
 .text.nrf_memobj_alloc
                0x00000000000290d4       0x5e Output/mPower Release/Obj/nrf_memobj.o
                0x00000000000290d4                nrf_memobj_alloc
 .text.nrf_memobj_get
                0x0000000000029132        0x8 Output/mPower Release/Obj/nrf_memobj.o
                0x0000000000029132                nrf_memobj_get
 .text.nrf_memobj_put
                0x000000000002913a       0x1e Output/mPower Release/Obj/nrf_memobj.o
                0x000000000002913a                nrf_memobj_put
 .text.nrf_memobj_write
                0x0000000000029158       0x52 Output/mPower Release/Obj/nrf_memobj.o
                0x0000000000029158                nrf_memobj_write
 .text.nrf_memobj_read
                0x00000000000291aa       0x52 Output/mPower Release/Obj/nrf_memobj.o
                0x00000000000291aa                nrf_memobj_read
 .text.sd_app_evt_wait
                0x00000000000291fc        0x4 Output/mPower Release/Obj/nrf_pwr_mgmt.o
 .text.nrf_pwr_mgmt_init
                0x0000000000029200       0x2c Output/mPower Release/Obj/nrf_pwr_mgmt.o
                0x0000000000029200                nrf_pwr_mgmt_init
 .text.nrf_pwr_mgmt_run
                0x000000000002922c       0x4c Output/mPower Release/Obj/nrf_pwr_mgmt.o
                0x000000000002922c                nrf_pwr_mgmt_run
 .text.nrf_section_iter_init
                0x0000000000029278       0x14 Output/mPower Release/Obj/nrf_section_iter.o
                0x0000000000029278                nrf_section_iter_init
 .text.nrf_section_iter_next
                0x000000000002928c       0x18 Output/mPower Release/Obj/nrf_section_iter.o
                0x000000000002928c                nrf_section_iter_next
 .text.nrf_strerror_find
                0x00000000000292a4       0x3c Output/mPower Release/Obj/nrf_strerror.o
                0x00000000000292a4                nrf_strerror_find
 .text.nrf_strerror_get
                0x00000000000292e0       0x14 Output/mPower Release/Obj/nrf_strerror.o
                0x00000000000292e0                nrf_strerror_get
 .text.errata_12
                0x00000000000292f4       0x40 Output/mPower Release/Obj/system_nrf52.o
 .text.errata_16
                0x0000000000029334       0x34 Output/mPower Release/Obj/system_nrf52.o
 .text.SystemInit
                0x0000000000029368      0x25c Output/mPower Release/Obj/system_nrf52.o
                0x0000000000029368                SystemInit
 .text.bsp_board_led_state_get
                0x00000000000295c4       0x1c Output/mPower Release/Obj/boards.o
                0x00000000000295c4                bsp_board_led_state_get
 .text.bsp_board_led_on
                0x00000000000295e0       0x18 Output/mPower Release/Obj/boards.o
                0x00000000000295e0                bsp_board_led_on
 .text.bsp_board_led_off
                0x00000000000295f8       0x18 Output/mPower Release/Obj/boards.o
                0x00000000000295f8                bsp_board_led_off
 .text.bsp_board_leds_off
                0x0000000000029610       0x1e Output/mPower Release/Obj/boards.o
                0x0000000000029610                bsp_board_leds_off
 .text.bsp_board_leds_on
                0x000000000002962e       0x1e Output/mPower Release/Obj/boards.o
                0x000000000002962e                bsp_board_leds_on
 .text.bsp_board_led_invert
                0x000000000002964c       0x24 Output/mPower Release/Obj/boards.o
                0x000000000002964c                bsp_board_led_invert
 .text.bsp_board_button_state_get
                0x0000000000029670       0x1c Output/mPower Release/Obj/boards.o
                0x0000000000029670                bsp_board_button_state_get
 .text.bsp_board_pin_to_button_idx
                0x000000000002968c       0x24 Output/mPower Release/Obj/boards.o
                0x000000000002968c                bsp_board_pin_to_button_idx
 .text.bsp_board_button_idx_to_pin
                0x00000000000296b0        0xc Output/mPower Release/Obj/boards.o
                0x00000000000296b0                bsp_board_button_idx_to_pin
 .text.bsp_board_init
                0x00000000000296bc       0x3e Output/mPower Release/Obj/boards.o
                0x00000000000296bc                bsp_board_init
 *fill*         0x00000000000296fa        0x2 
 .text.clock_clk_started_notify
                0x00000000000296fc       0x28 Output/mPower Release/Obj/nrf_drv_clock.o
 .text.clock_irq_handler
                0x0000000000029724       0x1c Output/mPower Release/Obj/nrf_drv_clock.o
 .text.soc_evt_handler
                0x0000000000029740       0x14 Output/mPower Release/Obj/nrf_drv_clock.o
 .text.nrf_drv_clock_init
                0x0000000000029754       0x38 Output/mPower Release/Obj/nrf_drv_clock.o
                0x0000000000029754                nrf_drv_clock_init
 .text.nrf_drv_clock_lfclk_release
                0x000000000002978c       0x30 Output/mPower Release/Obj/nrf_drv_clock.o
                0x000000000002978c                nrf_drv_clock_lfclk_release
 .text.sd_state_evt_handler
                0x00000000000297bc       0x58 Output/mPower Release/Obj/nrf_drv_clock.o
 .text.uarte_evt_handler
                0x0000000000029814       0x34 Output/mPower Release/Obj/nrf_drv_uart.o
 .text.uart_evt_handler
                0x0000000000029848       0x34 Output/mPower Release/Obj/nrf_drv_uart.o
 .text.nrf_drv_uart_init
                0x000000000002987c       0x7c Output/mPower Release/Obj/nrf_drv_uart.o
                0x000000000002987c                nrf_drv_uart_init
 .text.nrf_clock_event_clear
                0x00000000000298f8       0x14 Output/mPower Release/Obj/nrfx_clock.o
 .text.nrfx_clock_init
                0x000000000002990c       0x1c Output/mPower Release/Obj/nrfx_clock.o
                0x000000000002990c                nrfx_clock_init
 .text.nrfx_clock_enable
                0x0000000000029928       0x28 Output/mPower Release/Obj/nrfx_clock.o
                0x0000000000029928                nrfx_clock_enable
 .text.nrfx_clock_lfclk_stop
                0x0000000000029950       0x18 Output/mPower Release/Obj/nrfx_clock.o
                0x0000000000029950                nrfx_clock_lfclk_stop
 .text.POWER_CLOCK_IRQHandler
                0x0000000000029968       0x58 Output/mPower Release/Obj/nrfx_clock.o
                0x0000000000029968                POWER_CLOCK_IRQHandler
 .text.nrf_gpiote_event_clear
                0x00000000000299c0       0x18 Output/mPower Release/Obj/nrfx_gpiote.o
 .text.nrf_gpio_cfg_sense_set
                0x00000000000299d8       0x20 Output/mPower Release/Obj/nrfx_gpiote.o
 .text.channel_free
                0x00000000000299f8       0x1c Output/mPower Release/Obj/nrfx_gpiote.o
 .text.nrfx_gpiote_init
                0x0000000000029a14       0x70 Output/mPower Release/Obj/nrfx_gpiote.o
                0x0000000000029a14                nrfx_gpiote_init
 .text.nrfx_gpiote_is_init
                0x0000000000029a84       0x14 Output/mPower Release/Obj/nrfx_gpiote.o
                0x0000000000029a84                nrfx_gpiote_is_init
 .text.nrfx_gpiote_in_init
                0x0000000000029a98       0xf0 Output/mPower Release/Obj/nrfx_gpiote.o
                0x0000000000029a98                nrfx_gpiote_in_init
 .text.nrfx_gpiote_in_event_enable
                0x0000000000029b88       0x8c Output/mPower Release/Obj/nrfx_gpiote.o
                0x0000000000029b88                nrfx_gpiote_in_event_enable
 .text.nrfx_gpiote_in_is_set
                0x0000000000029c14       0x12 Output/mPower Release/Obj/nrfx_gpiote.o
                0x0000000000029c14                nrfx_gpiote_in_is_set
 *fill*         0x0000000000029c26        0x2 
 .text.GPIOTE_IRQHandler
                0x0000000000029c28      0x17c Output/mPower Release/Obj/nrfx_gpiote.o
                0x0000000000029c28                GPIOTE_IRQHandler
 .text.UARTE0_UART0_IRQHandler
                0x0000000000029da4        0xc Output/mPower Release/Obj/nrfx_prs.o
                0x0000000000029da4                UARTE0_UART0_IRQHandler
 .text.nrfx_prs_acquire
                0x0000000000029db0       0x40 Output/mPower Release/Obj/nrfx_prs.o
                0x0000000000029db0                nrfx_prs_acquire
 .text.nrfx_prs_release
                0x0000000000029df0       0x18 Output/mPower Release/Obj/nrfx_prs.o
                0x0000000000029df0                nrfx_prs_release
 .text.nrf_uart_event_clear
                0x0000000000029e08       0x10 Output/mPower Release/Obj/nrfx_uart.o
 .text.tx_byte  0x0000000000029e18       0x1e Output/mPower Release/Obj/nrfx_uart.o
 .text.rx_byte  0x0000000000029e36       0x2c Output/mPower Release/Obj/nrfx_uart.o
 *fill*         0x0000000000029e62        0x2 
 .text.rx_done_event.constprop.8
                0x0000000000029e64       0x20 Output/mPower Release/Obj/nrfx_uart.o
 .text.nrfx_uart_0_irq_handler
                0x0000000000029e84      0x13c Output/mPower Release/Obj/nrfx_uart.o
                0x0000000000029e84                nrfx_uart_0_irq_handler
 .text.nrfx_uart_init
                0x0000000000029fc0      0x180 Output/mPower Release/Obj/nrfx_uart.o
                0x0000000000029fc0                nrfx_uart_init
 .text.nrfx_uart_uninit
                0x000000000002a140       0xc8 Output/mPower Release/Obj/nrfx_uart.o
                0x000000000002a140                nrfx_uart_uninit
 .text.nrfx_uart_tx
                0x000000000002a208       0x94 Output/mPower Release/Obj/nrfx_uart.o
                0x000000000002a208                nrfx_uart_tx
 .text.nrf_uarte_event_clear
                0x000000000002a29c       0x10 Output/mPower Release/Obj/nrfx_uarte.o
 .text.rx_done_event.constprop.7
                0x000000000002a2ac       0x24 Output/mPower Release/Obj/nrfx_uarte.o
 .text.nrfx_uarte_0_irq_handler
                0x000000000002a2d0       0xec Output/mPower Release/Obj/nrfx_uarte.o
                0x000000000002a2d0                nrfx_uarte_0_irq_handler
 .text.nrfx_uarte_init
                0x000000000002a3bc      0x190 Output/mPower Release/Obj/nrfx_uarte.o
                0x000000000002a3bc                nrfx_uarte_init
 .text.nrfx_uarte_uninit
                0x000000000002a54c       0xc8 Output/mPower Release/Obj/nrfx_uarte.o
                0x000000000002a54c                nrfx_uarte_uninit
 .text.nrfx_uarte_tx
                0x000000000002a614       0x88 Output/mPower Release/Obj/nrfx_uarte.o
                0x000000000002a614                nrfx_uarte_tx
 .text.alert_timer_handler
                0x000000000002a69c        0x6 Output/mPower Release/Obj/bsp.o
 *fill*         0x000000000002a6a2        0x2 
 .text.bsp_button_event_handler
                0x000000000002a6a4       0x9c Output/mPower Release/Obj/bsp.o
 .text.button_timer_handler
                0x000000000002a740        0x8 Output/mPower Release/Obj/bsp.o
 .text.leds_off
                0x000000000002a748       0x2c Output/mPower Release/Obj/bsp.o
 .text.bsp_led_indication
                0x000000000002a774      0x1fc Output/mPower Release/Obj/bsp.o
 .text.leds_timer_handler
                0x000000000002a970       0x1c Output/mPower Release/Obj/bsp.o
 .text.bsp_button_is_pressed
                0x000000000002a98c        0xc Output/mPower Release/Obj/bsp.o
                0x000000000002a98c                bsp_button_is_pressed
 .text.bsp_indication_set
                0x000000000002a998       0x18 Output/mPower Release/Obj/bsp.o
                0x000000000002a998                bsp_indication_set
 .text.bsp_init
                0x000000000002a9b0       0x9c Output/mPower Release/Obj/bsp.o
                0x000000000002a9b0                bsp_init
 .text.bsp_event_to_button_action_assign
                0x000000000002aa4c       0x4c Output/mPower Release/Obj/bsp.o
                0x000000000002aa4c                bsp_event_to_button_action_assign
 .text.bsp_wakeup_button_enable
                0x000000000002aa98       0x30 Output/mPower Release/Obj/bsp.o
                0x000000000002aa98                bsp_wakeup_button_enable
 .text.advertising_buttons_configure
                0x000000000002aac8       0x36 Output/mPower Release/Obj/bsp_btn_ble.o
 *fill*         0x000000000002aafe        0x2 
 .text.ble_evt_handler
                0x000000000002ab00       0x80 Output/mPower Release/Obj/bsp_btn_ble.o
 .text.bsp_btn_ble_sleep_mode_prepare
                0x000000000002ab80       0x1e Output/mPower Release/Obj/bsp_btn_ble.o
                0x000000000002ab80                bsp_btn_ble_sleep_mode_prepare
 *fill*         0x000000000002ab9e        0x2 
 .text.bsp_btn_ble_init
                0x000000000002aba0       0x40 Output/mPower Release/Obj/bsp_btn_ble.o
                0x000000000002aba0                bsp_btn_ble_init
 .text.sd_ble_gap_disconnect
                0x000000000002abe0        0x4 Output/mPower Release/Obj/main.o
 .text.sd_ble_gap_ppcp_set
                0x000000000002abe4        0x4 Output/mPower Release/Obj/main.o
 .text.sd_ble_gap_device_name_set
                0x000000000002abe8        0x4 Output/mPower Release/Obj/main.o
 .text.sd_ble_gap_phy_update
                0x000000000002abec        0x4 Output/mPower Release/Obj/main.o
 .text.sd_power_system_off
                0x000000000002abf0        0x4 Output/mPower Release/Obj/main.o
 .text.sd_temp_get
                0x000000000002abf4        0x4 Output/mPower Release/Obj/main.o
 .text.nrf_qwr_error_handler
                0x000000000002abf8        0x4 Output/mPower Release/Obj/main.o
 .text.timer_timeout_handler
                0x000000000002abfc       0x20 Output/mPower Release/Obj/main.o
 .text.sleep_mode_enter
                0x000000000002ac1c       0x28 Output/mPower Release/Obj/main.o
 .text.on_conn_params_evt
                0x000000000002ac44       0x20 Output/mPower Release/Obj/main.o
 .text.bsp_event_handler
                0x000000000002ac64       0x68 Output/mPower Release/Obj/main.o
 .text.on_adv_evt
                0x000000000002accc       0x50 Output/mPower Release/Obj/main.o
 .text.advertising_start.part.4
                0x000000000002ad1c       0x1c Output/mPower Release/Obj/main.o
 .text.pm_evt_handler
                0x000000000002ad38       0xa4 Output/mPower Release/Obj/main.o
 .text.conn_params_error_handler
                0x000000000002addc        0x4 Output/mPower Release/Obj/main.o
 .text.onNewCommand
                0x000000000002ade0       0xfc Output/mPower Release/Obj/main.o
                0x000000000002ade0                onNewCommand
 .text.ble_evt_handler
                0x000000000002aedc       0xc4 Output/mPower Release/Obj/main.o
 .text.startup.main
                0x000000000002afa0      0x270 Output/mPower Release/Obj/main.o
                0x000000000002afa0                main
 .text.sd_ble_gatts_service_add
                0x000000000002b210        0x4 Output/mPower Release/Obj/our_service.o
 .text.sd_ble_gatts_characteristic_add
                0x000000000002b214        0x4 Output/mPower Release/Obj/our_service.o
 .text.sd_ble_gatts_hvx
                0x000000000002b218        0x4 Output/mPower Release/Obj/our_service.o
 .text.sd_ble_uuid_vs_add
                0x000000000002b21c        0x4 Output/mPower Release/Obj/our_service.o
 .text.ble_our_service_on_ble_evt
                0x000000000002b220       0x38 Output/mPower Release/Obj/our_service.o
                0x000000000002b220                ble_our_service_on_ble_evt
 .text.our_service_init
                0x000000000002b258      0x16c Output/mPower Release/Obj/our_service.o
                0x000000000002b258                our_service_init
 .text.our_temperature_characteristic_update
                0x000000000002b3c4        0x2 Output/mPower Release/Obj/our_service.o
                0x000000000002b3c4                our_temperature_characteristic_update
 *fill*         0x000000000002b3c6        0x2 
 .text.our_notification
                0x000000000002b3c8       0x64 Output/mPower Release/Obj/our_service.o
                0x000000000002b3c8                our_notification
 .text._GetAvailWriteSpace
                0x000000000002b42c       0x1c Output/mPower Release/Obj/SEGGER_RTT.o
 .text._WriteNoCheck
                0x000000000002b448       0x3a Output/mPower Release/Obj/SEGGER_RTT.o
 .text._WriteBlocking
                0x000000000002b482       0x52 Output/mPower Release/Obj/SEGGER_RTT.o
 .text._DoInit  0x000000000002b4d4       0x60 Output/mPower Release/Obj/SEGGER_RTT.o
 .text.SEGGER_RTT_WriteNoLock
                0x000000000002b534       0x68 Output/mPower Release/Obj/SEGGER_RTT.o
                0x000000000002b534                SEGGER_RTT_WriteNoLock
 .text.SEGGER_RTT_Write
                0x000000000002b59c       0x3c Output/mPower Release/Obj/SEGGER_RTT.o
                0x000000000002b59c                SEGGER_RTT_Write
 .text.SEGGER_RTT_Init
                0x000000000002b5d8        0x4 Output/mPower Release/Obj/SEGGER_RTT.o
                0x000000000002b5d8                SEGGER_RTT_Init
 .text.printf   0x000000000002b5dc       0x3a Output/mPower Release/Obj/SEGGER_RTT_Syscalls_SES.o
                0x000000000002b5dc                printf
 .text.sd_ble_gap_addr_get
                0x000000000002b616        0x4 Output/mPower Release/Obj/ble_advdata.o
 .text.sd_ble_gap_appearance_get
                0x000000000002b61a        0x4 Output/mPower Release/Obj/ble_advdata.o
 .text.sd_ble_gap_device_name_get
                0x000000000002b61e        0x4 Output/mPower Release/Obj/ble_advdata.o
 .text.sd_ble_uuid_encode
                0x000000000002b622        0x4 Output/mPower Release/Obj/ble_advdata.o
 .text.uuid_list_sized_encode
                0x000000000002b626       0xa4 Output/mPower Release/Obj/ble_advdata.o
 .text.uuid_list_encode
                0x000000000002b6ca       0x34 Output/mPower Release/Obj/ble_advdata.o
 .text.ble_advdata_encode
                0x000000000002b6fe      0x37c Output/mPower Release/Obj/ble_advdata.o
                0x000000000002b6fe                ble_advdata_encode
 .text.ble_advdata_search
                0x000000000002ba7a       0x38 Output/mPower Release/Obj/ble_advdata.o
                0x000000000002ba7a                ble_advdata_search
 .text.ble_advdata_parse
                0x000000000002bab2       0x20 Output/mPower Release/Obj/ble_advdata.o
                0x000000000002bab2                ble_advdata_parse
 .text.sd_ble_gap_adv_set_configure
                0x000000000002bad2        0x4 Output/mPower Release/Obj/ble_advertising.o
 .text.sd_ble_gap_adv_start
                0x000000000002bad6        0x4 Output/mPower Release/Obj/ble_advertising.o
 .text.sd_ble_gap_adv_stop
                0x000000000002bada        0x4 Output/mPower Release/Obj/ble_advertising.o
 .text.flags_set
                0x000000000002bade       0x2c Output/mPower Release/Obj/ble_advertising.o
 .text.ble_advertising_conn_cfg_tag_set
                0x000000000002bb0a        0x6 Output/mPower Release/Obj/ble_advertising.o
                0x000000000002bb0a                ble_advertising_conn_cfg_tag_set
 .text.ble_advertising_init
                0x000000000002bb10       0xe4 Output/mPower Release/Obj/ble_advertising.o
                0x000000000002bb10                ble_advertising_init
 .text.ble_advertising_start
                0x000000000002bbf4      0x22e Output/mPower Release/Obj/ble_advertising.o
                0x000000000002bbf4                ble_advertising_start
 .text.ble_advertising_on_ble_evt
                0x000000000002be22       0x6a Output/mPower Release/Obj/ble_advertising.o
                0x000000000002be22                ble_advertising_on_ble_evt
 .text.ble_advertising_on_sys_evt
                0x000000000002be8c       0x28 Output/mPower Release/Obj/ble_advertising.o
                0x000000000002be8c                ble_advertising_on_sys_evt
 .text.ble_advertising_restart_without_whitelist
                0x000000000002beb4       0x3c Output/mPower Release/Obj/ble_advertising.o
                0x000000000002beb4                ble_advertising_restart_without_whitelist
 .text.sd_ble_gap_conn_param_update
                0x000000000002bef0        0x4 Output/mPower Release/Obj/ble_conn_params.o
 .text.sd_ble_gap_disconnect
                0x000000000002bef4        0x4 Output/mPower Release/Obj/ble_conn_params.o
 .text.sd_ble_gap_ppcp_set
                0x000000000002bef8        0x4 Output/mPower Release/Obj/ble_conn_params.o
 .text.sd_ble_gap_ppcp_get
                0x000000000002befc        0x4 Output/mPower Release/Obj/ble_conn_params.o
 .text.instance_get
                0x000000000002bf00       0x14 Output/mPower Release/Obj/ble_conn_params.o
 .text.send_error_evt
                0x000000000002bf14       0x10 Output/mPower Release/Obj/ble_conn_params.o
 .text.update_timeout_handler
                0x000000000002bf24       0x6c Output/mPower Release/Obj/ble_conn_params.o
 .text.conn_params_negotiation
                0x000000000002bf90       0x48 Output/mPower Release/Obj/ble_conn_params.o
 .text.is_conn_params_ok.constprop.3
                0x000000000002bfd8       0x3c Output/mPower Release/Obj/ble_conn_params.o
 .text.ble_evt_handler
                0x000000000002c014       0xe0 Output/mPower Release/Obj/ble_conn_params.o
 .text.ble_conn_params_init
                0x000000000002c0f4       0x74 Output/mPower Release/Obj/ble_conn_params.o
                0x000000000002c0f4                ble_conn_params_init
 .text.for_each_set_flag
                0x000000000002c168       0x34 Output/mPower Release/Obj/ble_conn_state.o
 .text.conn_handle_list_get
                0x000000000002c19c       0x2e Output/mPower Release/Obj/ble_conn_state.o
                0x000000000002c19c                conn_handle_list_get
 *fill*         0x000000000002c1ca        0x2 
 .text.ble_evt_handler
                0x000000000002c1cc       0xd8 Output/mPower Release/Obj/ble_conn_state.o
 .text.ble_conn_state_valid
                0x000000000002c2a4       0x14 Output/mPower Release/Obj/ble_conn_state.o
                0x000000000002c2a4                ble_conn_state_valid
 .text.ble_conn_state_role
                0x000000000002c2b8       0x20 Output/mPower Release/Obj/ble_conn_state.o
                0x000000000002c2b8                ble_conn_state_role
 .text.ble_conn_state_encrypted
                0x000000000002c2d8       0x1c Output/mPower Release/Obj/ble_conn_state.o
                0x000000000002c2d8                ble_conn_state_encrypted
 .text.ble_conn_state_user_flag_acquire
                0x000000000002c2f4       0x14 Output/mPower Release/Obj/ble_conn_state.o
                0x000000000002c2f4                ble_conn_state_user_flag_acquire
 .text.ble_conn_state_user_flag_get
                0x000000000002c308       0x30 Output/mPower Release/Obj/ble_conn_state.o
                0x000000000002c308                ble_conn_state_user_flag_get
 .text.ble_conn_state_user_flag_set
                0x000000000002c338       0x3c Output/mPower Release/Obj/ble_conn_state.o
                0x000000000002c338                ble_conn_state_user_flag_set
 .text.ble_conn_state_for_each_set_user_flag
                0x000000000002c374       0x30 Output/mPower Release/Obj/ble_conn_state.o
                0x000000000002c374                ble_conn_state_for_each_set_user_flag
 .text.ble_srv_is_notification_enabled
                0x000000000002c3a4        0x8 Output/mPower Release/Obj/ble_srv_common.o
                0x000000000002c3a4                ble_srv_is_notification_enabled
 .text.evt_send
                0x000000000002c3ac       0x16 Output/mPower Release/Obj/gatt_cache_manager.o
 .text.send_unexpected_error
                0x000000000002c3c2       0x28 Output/mPower Release/Obj/gatt_cache_manager.o
 *fill*         0x000000000002c3ea        0x2 
 .text.local_db_apply_in_evt
                0x000000000002c3ec       0x6c Output/mPower Release/Obj/gatt_cache_manager.o
 .text.apply_pending_handle
                0x000000000002c458        0x4 Output/mPower Release/Obj/gatt_cache_manager.o
 .text.service_changed_pending_flags_check
                0x000000000002c45c       0x14 Output/mPower Release/Obj/gatt_cache_manager.o
 .text.update_pending_flags_check
                0x000000000002c470       0x14 Output/mPower Release/Obj/gatt_cache_manager.o
 .text.sc_send_pending_handle
                0x000000000002c484       0x98 Output/mPower Release/Obj/gatt_cache_manager.o
 .text.db_update_pending_handle
                0x000000000002c51c       0x84 Output/mPower Release/Obj/gatt_cache_manager.o
 .text.gcm_im_evt_handler
                0x000000000002c5a0       0x2c Output/mPower Release/Obj/gatt_cache_manager.o
                0x000000000002c5a0                gcm_im_evt_handler
 .text.gcm_pdb_evt_handler
                0x000000000002c5cc       0x80 Output/mPower Release/Obj/gatt_cache_manager.o
                0x000000000002c5cc                gcm_pdb_evt_handler
 .text.gcm_init
                0x000000000002c64c       0x5c Output/mPower Release/Obj/gatt_cache_manager.o
                0x000000000002c64c                gcm_init
 .text.gcm_ble_evt_handler
                0x000000000002c6a8       0xac Output/mPower Release/Obj/gatt_cache_manager.o
                0x000000000002c6a8                gcm_ble_evt_handler
 .text.sd_ble_gatts_service_changed
                0x000000000002c754        0x4 Output/mPower Release/Obj/gatts_cache_manager.o
 .text.sd_ble_gatts_sys_attr_set
                0x000000000002c758        0x4 Output/mPower Release/Obj/gatts_cache_manager.o
 .text.sd_ble_gatts_sys_attr_get
                0x000000000002c75c        0x4 Output/mPower Release/Obj/gatts_cache_manager.o
 .text.sd_ble_gatts_initial_user_handle_get
                0x000000000002c760        0x4 Output/mPower Release/Obj/gatts_cache_manager.o
 .text.service_changed_pending_set
                0x000000000002c764       0x48 Output/mPower Release/Obj/gatts_cache_manager.o
 .text.gscm_pdb_evt_handler
                0x000000000002c7ac       0x18 Output/mPower Release/Obj/gatts_cache_manager.o
                0x000000000002c7ac                gscm_pdb_evt_handler
 .text.gscm_init
                0x000000000002c7c4       0x10 Output/mPower Release/Obj/gatts_cache_manager.o
                0x000000000002c7c4                gscm_init
 .text.gscm_local_db_cache_update
                0x000000000002c7d4       0x8a Output/mPower Release/Obj/gatts_cache_manager.o
                0x000000000002c7d4                gscm_local_db_cache_update
 .text.gscm_local_db_cache_apply
                0x000000000002c85e       0x7a Output/mPower Release/Obj/gatts_cache_manager.o
                0x000000000002c85e                gscm_local_db_cache_apply
 .text.gscm_service_changed_ind_needed
                0x000000000002c8d8       0x24 Output/mPower Release/Obj/gatts_cache_manager.o
                0x000000000002c8d8                gscm_service_changed_ind_needed
 .text.gscm_service_changed_ind_send
                0x000000000002c8fc       0x34 Output/mPower Release/Obj/gatts_cache_manager.o
                0x000000000002c8fc                gscm_service_changed_ind_send
 .text.gscm_db_change_notification_done
                0x000000000002c930       0x24 Output/mPower Release/Obj/gatts_cache_manager.o
                0x000000000002c930                gscm_db_change_notification_done
 .text.sd_ecb_block_encrypt
                0x000000000002c954        0x4 Output/mPower Release/Obj/id_manager.o
 .text.get_free_connection
                0x000000000002c958       0x30 Output/mPower Release/Obj/id_manager.o
                0x000000000002c958                get_free_connection
 .text.get_connection_by_conn_handle
                0x000000000002c988       0x34 Output/mPower Release/Obj/id_manager.o
                0x000000000002c988                get_connection_by_conn_handle
 .text.new_connection
                0x000000000002c9bc       0x58 Output/mPower Release/Obj/id_manager.o
                0x000000000002c9bc                new_connection
 .text.is_valid_irk
                0x000000000002ca14       0x16 Output/mPower Release/Obj/id_manager.o
                0x000000000002ca14                is_valid_irk
 .text.addr_compare
                0x000000000002ca2a       0x28 Output/mPower Release/Obj/id_manager.o
                0x000000000002ca2a                addr_compare
 .text.im_is_duplicate_bonding_data
                0x000000000002ca52       0x62 Output/mPower Release/Obj/id_manager.o
                0x000000000002ca52                im_is_duplicate_bonding_data
 .text.im_find_duplicate_bonding_data
                0x000000000002cab4       0x3c Output/mPower Release/Obj/id_manager.o
                0x000000000002cab4                im_find_duplicate_bonding_data
 .text.im_init  0x000000000002caf0       0x34 Output/mPower Release/Obj/id_manager.o
                0x000000000002caf0                im_init
 .text.im_peer_id_get_by_conn_handle
                0x000000000002cb24       0x20 Output/mPower Release/Obj/id_manager.o
                0x000000000002cb24                im_peer_id_get_by_conn_handle
 .text.im_ble_addr_get
                0x000000000002cb44       0x30 Output/mPower Release/Obj/id_manager.o
                0x000000000002cb44                im_ble_addr_get
 .text.im_conn_handle_get
                0x000000000002cb74       0x28 Output/mPower Release/Obj/id_manager.o
                0x000000000002cb74                im_conn_handle_get
 .text.im_master_id_is_valid
                0x000000000002cb9c       0x1a Output/mPower Release/Obj/id_manager.o
                0x000000000002cb9c                im_master_id_is_valid
 .text.im_master_ids_compare
                0x000000000002cbb6       0x28 Output/mPower Release/Obj/id_manager.o
                0x000000000002cbb6                im_master_ids_compare
 .text.im_peer_id_get_by_master_id
                0x000000000002cbde       0x40 Output/mPower Release/Obj/id_manager.o
                0x000000000002cbde                im_peer_id_get_by_master_id
 *fill*         0x000000000002cc1e        0x2 
 .text.im_new_peer_id
                0x000000000002cc20       0x1c Output/mPower Release/Obj/id_manager.o
                0x000000000002cc20                im_new_peer_id
 .text.im_peer_free
                0x000000000002cc3c       0x38 Output/mPower Release/Obj/id_manager.o
                0x000000000002cc3c                im_peer_free
 .text.ah       0x000000000002cc74       0x54 Output/mPower Release/Obj/id_manager.o
                0x000000000002cc74                ah
 .text.im_address_resolve
                0x000000000002ccc8       0x48 Output/mPower Release/Obj/id_manager.o
                0x000000000002ccc8                im_address_resolve
 .text.im_ble_evt_handler
                0x000000000002cd10       0xd4 Output/mPower Release/Obj/id_manager.o
                0x000000000002cd10                im_ble_evt_handler
 .text.sd_ble_gap_data_length_update
                0x000000000002cde4        0x4 Output/mPower Release/Obj/nrf_ble_gatt.o
 .text.sd_ble_gattc_exchange_mtu_request
                0x000000000002cde8        0x4 Output/mPower Release/Obj/nrf_ble_gatt.o
 .text.sd_ble_gatts_exchange_mtu_reply
                0x000000000002cdec        0x4 Output/mPower Release/Obj/nrf_ble_gatt.o
 .text.data_length_update
                0x000000000002cdf0       0x84 Output/mPower Release/Obj/nrf_ble_gatt.o
 .text.nrf_ble_gatt_init
                0x000000000002ce74       0x28 Output/mPower Release/Obj/nrf_ble_gatt.o
                0x000000000002ce74                nrf_ble_gatt_init
 .text.nrf_ble_gatt_on_ble_evt
                0x000000000002ce9c      0x1a4 Output/mPower Release/Obj/nrf_ble_gatt.o
                0x000000000002ce9c                nrf_ble_gatt_on_ble_evt
 .text.sd_ble_gatts_rw_authorize_reply
                0x000000000002d040        0x4 Output/mPower Release/Obj/nrf_ble_qwr.o
 .text.sd_ble_user_mem_reply
                0x000000000002d044        0x4 Output/mPower Release/Obj/nrf_ble_qwr.o
 .text.user_mem_reply.part.0
                0x000000000002d048       0x24 Output/mPower Release/Obj/nrf_ble_qwr.o
 .text.nrf_ble_qwr_init
                0x000000000002d06c       0x24 Output/mPower Release/Obj/nrf_ble_qwr.o
                0x000000000002d06c                nrf_ble_qwr_init
 .text.nrf_ble_qwr_conn_handle_assign
                0x000000000002d090       0x16 Output/mPower Release/Obj/nrf_ble_qwr.o
                0x000000000002d090                nrf_ble_qwr_conn_handle_assign
 .text.nrf_ble_qwr_on_ble_evt
                0x000000000002d0a6       0xa0 Output/mPower Release/Obj/nrf_ble_qwr.o
                0x000000000002d0a6                nrf_ble_qwr_on_ble_evt
 .text.peer_data_id_is_valid
                0x000000000002d146       0x10 Output/mPower Release/Obj/peer_data_storage.o
 .text.pds_evt_send
                0x000000000002d156        0xa Output/mPower Release/Obj/peer_data_storage.o
 .text.peer_data_delete_process
                0x000000000002d160       0x84 Output/mPower Release/Obj/peer_data_storage.o
 .text.fds_evt_handler
                0x000000000002d1e4       0xc8 Output/mPower Release/Obj/peer_data_storage.o
 .text.peer_data_find
                0x000000000002d2ac       0x32 Output/mPower Release/Obj/peer_data_storage.o
 *fill*         0x000000000002d2de        0x2 
 .text.pds_init
                0x000000000002d2e0       0x64 Output/mPower Release/Obj/peer_data_storage.o
                0x000000000002d2e0                pds_init
 .text.pds_peer_data_read
                0x000000000002d344       0x68 Output/mPower Release/Obj/peer_data_storage.o
                0x000000000002d344                pds_peer_data_read
 .text.pds_peer_data_iterate_prepare
                0x000000000002d3ac       0x10 Output/mPower Release/Obj/peer_data_storage.o
                0x000000000002d3ac                pds_peer_data_iterate_prepare
 .text.pds_peer_data_iterate
                0x000000000002d3bc       0x5c Output/mPower Release/Obj/peer_data_storage.o
                0x000000000002d3bc                pds_peer_data_iterate
 .text.pds_space_reserve
                0x000000000002d418       0x2e Output/mPower Release/Obj/peer_data_storage.o
                0x000000000002d418                pds_space_reserve
 .text.pds_space_reserve_cancel
                0x000000000002d446       0x1c Output/mPower Release/Obj/peer_data_storage.o
                0x000000000002d446                pds_space_reserve_cancel
 .text.pds_peer_data_store
                0x000000000002d462       0x9e Output/mPower Release/Obj/peer_data_storage.o
                0x000000000002d462                pds_peer_data_store
 .text.pds_peer_id_allocate
                0x000000000002d500        0x8 Output/mPower Release/Obj/peer_data_storage.o
                0x000000000002d500                pds_peer_id_allocate
 .text.pds_peer_id_free
                0x000000000002d508       0x16 Output/mPower Release/Obj/peer_data_storage.o
                0x000000000002d508                pds_peer_id_free
 .text.pds_peer_id_is_allocated
                0x000000000002d51e        0x4 Output/mPower Release/Obj/peer_data_storage.o
                0x000000000002d51e                pds_peer_id_is_allocated
 .text.pds_next_peer_id_get
                0x000000000002d522        0x4 Output/mPower Release/Obj/peer_data_storage.o
                0x000000000002d522                pds_next_peer_id_get
 .text.pds_next_deleted_peer_id_get
                0x000000000002d526        0x4 Output/mPower Release/Obj/peer_data_storage.o
                0x000000000002d526                pds_next_deleted_peer_id_get
 *fill*         0x000000000002d52a        0x2 
 .text.write_buffer_record_find_next
                0x000000000002d52c       0x24 Output/mPower Release/Obj/peer_database.o
 .text.write_buffer_record_find
                0x000000000002d550       0x36 Output/mPower Release/Obj/peer_database.o
 .text.pdb_evt_send
                0x000000000002d586       0x1e Output/mPower Release/Obj/peer_database.o
 .text.write_buf_length_words_set
                0x000000000002d5a4       0x28 Output/mPower Release/Obj/peer_database.o
 .text.write_buffer_record_release
                0x000000000002d5cc       0x44 Output/mPower Release/Obj/peer_database.o
 .text.write_buf_store
                0x000000000002d610       0x98 Output/mPower Release/Obj/peer_database.o
                0x000000000002d610                write_buf_store
 .text.pdb_pds_evt_handler
                0x000000000002d6a8       0xf0 Output/mPower Release/Obj/peer_database.o
                0x000000000002d6a8                pdb_pds_evt_handler
 .text.pdb_init
                0x000000000002d798       0x74 Output/mPower Release/Obj/peer_database.o
                0x000000000002d798                pdb_init
 .text.pdb_peer_allocate
                0x000000000002d80c        0x4 Output/mPower Release/Obj/peer_database.o
                0x000000000002d80c                pdb_peer_allocate
 .text.pdb_peer_data_ptr_get
                0x000000000002d810        0x6 Output/mPower Release/Obj/peer_database.o
                0x000000000002d810                pdb_peer_data_ptr_get
 *fill*         0x000000000002d816        0x2 
 .text.pdb_write_buf_get
                0x000000000002d818       0xd8 Output/mPower Release/Obj/peer_database.o
                0x000000000002d818                pdb_write_buf_get
 .text.pdb_write_buf_release
                0x000000000002d8f0       0x28 Output/mPower Release/Obj/peer_database.o
                0x000000000002d8f0                pdb_write_buf_release
 .text.pdb_peer_free
                0x000000000002d918       0x48 Output/mPower Release/Obj/peer_database.o
                0x000000000002d918                pdb_peer_free
 .text.pdb_write_buf_store_prepare
                0x000000000002d960       0x60 Output/mPower Release/Obj/peer_database.o
                0x000000000002d960                pdb_write_buf_store_prepare
 .text.pdb_write_buf_store
                0x000000000002d9c0       0x26 Output/mPower Release/Obj/peer_database.o
                0x000000000002d9c0                pdb_write_buf_store
 .text.pdb_next_peer_id_get
                0x000000000002d9e6        0x4 Output/mPower Release/Obj/peer_database.o
                0x000000000002d9e6                pdb_next_peer_id_get
 .text.pdb_next_deleted_peer_id_get
                0x000000000002d9ea        0x4 Output/mPower Release/Obj/peer_database.o
                0x000000000002d9ea                pdb_next_deleted_peer_id_get
 .text.pdb_peer_data_load
                0x000000000002d9ee       0x14 Output/mPower Release/Obj/peer_database.o
                0x000000000002d9ee                pdb_peer_data_load
 .text.pdb_raw_store
                0x000000000002da02        0x8 Output/mPower Release/Obj/peer_database.o
                0x000000000002da02                pdb_raw_store
 .text.claim    0x000000000002da0a       0x36 Output/mPower Release/Obj/peer_id.o
 .text.peer_id_init
                0x000000000002da40       0x2c Output/mPower Release/Obj/peer_id.o
                0x000000000002da40                peer_id_init
 .text.peer_id_allocate
                0x000000000002da6c        0xc Output/mPower Release/Obj/peer_id.o
                0x000000000002da6c                peer_id_allocate
 .text.peer_id_delete
                0x000000000002da78       0x24 Output/mPower Release/Obj/peer_id.o
                0x000000000002da78                peer_id_delete
 .text.peer_id_free
                0x000000000002da9c       0x28 Output/mPower Release/Obj/peer_id.o
                0x000000000002da9c                peer_id_free
 .text.peer_id_is_allocated
                0x000000000002dac4       0x14 Output/mPower Release/Obj/peer_id.o
                0x000000000002dac4                peer_id_is_allocated
 .text.peer_id_is_deleted
                0x000000000002dad8       0x14 Output/mPower Release/Obj/peer_id.o
                0x000000000002dad8                peer_id_is_deleted
 .text.next_id_get
                0x000000000002daec       0x32 Output/mPower Release/Obj/peer_id.o
                0x000000000002daec                next_id_get
 *fill*         0x000000000002db1e        0x2 
 .text.peer_id_get_next_used
                0x000000000002db20       0x34 Output/mPower Release/Obj/peer_id.o
                0x000000000002db20                peer_id_get_next_used
 .text.peer_id_get_next_deleted
                0x000000000002db54        0xc Output/mPower Release/Obj/peer_id.o
                0x000000000002db54                peer_id_get_next_deleted
 .text.evt_send
                0x000000000002db60       0x28 Output/mPower Release/Obj/peer_manager.o
 .text.ble_evt_handler
                0x000000000002db88       0x24 Output/mPower Release/Obj/peer_manager.o
 .text.pm_sm_evt_handler
                0x000000000002dbac        0x8 Output/mPower Release/Obj/peer_manager.o
                0x000000000002dbac                pm_sm_evt_handler
 .text.pm_gcm_evt_handler
                0x000000000002dbb4        0x4 Output/mPower Release/Obj/peer_manager.o
                0x000000000002dbb4                pm_gcm_evt_handler
 .text.pm_im_evt_handler
                0x000000000002dbb8        0x4 Output/mPower Release/Obj/peer_manager.o
                0x000000000002dbb8                pm_im_evt_handler
 .text.pm_init  0x000000000002dbbc       0x64 Output/mPower Release/Obj/peer_manager.o
                0x000000000002dbbc                pm_init
 .text.pm_register
                0x000000000002dc20       0x30 Output/mPower Release/Obj/peer_manager.o
                0x000000000002dc20                pm_register
 .text.pm_sec_params_set
                0x000000000002dc50       0x14 Output/mPower Release/Obj/peer_manager.o
                0x000000000002dc50                pm_sec_params_set
 .text.pm_conn_sec_config_reply
                0x000000000002dc64        0x8 Output/mPower Release/Obj/peer_manager.o
                0x000000000002dc64                pm_conn_sec_config_reply
 .text.pm_peer_delete
                0x000000000002dc6c       0x14 Output/mPower Release/Obj/peer_manager.o
                0x000000000002dc6c                pm_peer_delete
 .text.pm_peers_delete
                0x000000000002dc80       0x74 Output/mPower Release/Obj/peer_manager.o
                0x000000000002dc80                pm_peers_delete
 .text.pm_peer_ranks_get
                0x000000000002dcf4       0xbc Output/mPower Release/Obj/peer_manager.o
                0x000000000002dcf4                pm_peer_ranks_get
 .text.rank_vars_update
                0x000000000002ddb0       0x2c Output/mPower Release/Obj/peer_manager.o
 .text.pm_pdb_evt_handler
                0x000000000002dddc      0x134 Output/mPower Release/Obj/peer_manager.o
                0x000000000002dddc                pm_pdb_evt_handler
 .text.pm_buffer_init
                0x000000000002df10       0x3a Output/mPower Release/Obj/pm_buffer.o
                0x000000000002df10                pm_buffer_init
 .text.pm_buffer_ptr_get
                0x000000000002df4a       0x2e Output/mPower Release/Obj/pm_buffer.o
                0x000000000002df4a                pm_buffer_ptr_get
 .text.pm_buffer_release
                0x000000000002df78       0x2a Output/mPower Release/Obj/pm_buffer.o
                0x000000000002df78                pm_buffer_release
 .text.pm_buffer_block_acquire
                0x000000000002dfa2       0x60 Output/mPower Release/Obj/pm_buffer.o
                0x000000000002dfa2                pm_buffer_block_acquire
 .text.pm_mutex_init
                0x000000000002e002        0xe Output/mPower Release/Obj/pm_mutex.o
                0x000000000002e002                pm_mutex_init
 .text.pm_mutex_lock
                0x000000000002e010       0x4a Output/mPower Release/Obj/pm_mutex.o
                0x000000000002e010                pm_mutex_lock
 .text.pm_mutex_unlock
                0x000000000002e05a       0x38 Output/mPower Release/Obj/pm_mutex.o
                0x000000000002e05a                pm_mutex_unlock
 .text.pm_mutex_lock_first_available
                0x000000000002e092       0x68 Output/mPower Release/Obj/pm_mutex.o
                0x000000000002e092                pm_mutex_lock_first_available
 .text.pm_mutex_lock_status_get
                0x000000000002e0fa       0x1e Output/mPower Release/Obj/pm_mutex.o
                0x000000000002e0fa                pm_mutex_lock_status_get
 .text.sd_ble_gap_authenticate
                0x000000000002e118        0x4 Output/mPower Release/Obj/security_dispatcher.o
 .text.sd_ble_gap_sec_params_reply
                0x000000000002e11c        0x4 Output/mPower Release/Obj/security_dispatcher.o
 .text.sd_ble_gap_sec_info_reply
                0x000000000002e120        0x4 Output/mPower Release/Obj/security_dispatcher.o
 .text.flag_id_init
                0x000000000002e124       0x12 Output/mPower Release/Obj/security_dispatcher.o
 .text.evt_send
                0x000000000002e136       0x16 Output/mPower Release/Obj/security_dispatcher.o
 .text.send_config_req
                0x000000000002e14c       0x26 Output/mPower Release/Obj/security_dispatcher.o
 .text.send_unexpected_error
                0x000000000002e172       0x28 Output/mPower Release/Obj/security_dispatcher.o
 *fill*         0x000000000002e19a        0x2 
 .text.conn_sec_failure
                0x000000000002e19c       0x48 Output/mPower Release/Obj/security_dispatcher.o
 .text.sec_proc_start.part.0
                0x000000000002e1e4       0x60 Output/mPower Release/Obj/security_dispatcher.o
 .text.link_secure_failure.part.2
                0x000000000002e244       0x8c Output/mPower Release/Obj/security_dispatcher.o
 .text.smd_conn_sec_config_reply
                0x000000000002e2d0       0x10 Output/mPower Release/Obj/security_dispatcher.o
                0x000000000002e2d0                smd_conn_sec_config_reply
 .text.smd_init
                0x000000000002e2e0       0x70 Output/mPower Release/Obj/security_dispatcher.o
                0x000000000002e2e0                smd_init
 .text.smd_params_reply
                0x000000000002e350      0x174 Output/mPower Release/Obj/security_dispatcher.o
                0x000000000002e350                smd_params_reply
 .text.smd_link_secure
                0x000000000002e4c4       0x26 Output/mPower Release/Obj/security_dispatcher.o
                0x000000000002e4c4                smd_link_secure
 *fill*         0x000000000002e4ea        0x2 
 .text.smd_ble_evt_handler
                0x000000000002e4ec      0x2a8 Output/mPower Release/Obj/security_dispatcher.o
                0x000000000002e4ec                smd_ble_evt_handler
 .text.sec_params_verify
                0x000000000002e794       0x5c Output/mPower Release/Obj/security_manager.o
 .text.flag_id_init
                0x000000000002e7f0       0x12 Output/mPower Release/Obj/security_manager.o
 .text.events_send_from_err_code.part.0
                0x000000000002e802       0x70 Output/mPower Release/Obj/security_manager.o
 .text.params_req_send
                0x000000000002e872       0x28 Output/mPower Release/Obj/security_manager.o
 *fill*         0x000000000002e89a        0x2 
 .text.link_secure
                0x000000000002e89c      0x120 Output/mPower Release/Obj/security_manager.o
 .text.link_secure_pending_handle
                0x000000000002e9bc       0x30 Output/mPower Release/Obj/security_manager.o
 .text.smd_params_reply_perform
                0x000000000002e9ec       0xac Output/mPower Release/Obj/security_manager.o
 .text.params_reply_pending_handle
                0x000000000002ea98        0x6 Output/mPower Release/Obj/security_manager.o
 *fill*         0x000000000002ea9e        0x2 
 .text.sm_smd_evt_handler
                0x000000000002eaa0       0x60 Output/mPower Release/Obj/security_manager.o
                0x000000000002eaa0                sm_smd_evt_handler
 .text.sm_pdb_evt_handler
                0x000000000002eb00       0x60 Output/mPower Release/Obj/security_manager.o
                0x000000000002eb00                sm_pdb_evt_handler
 .text.sm_init  0x000000000002eb60       0x4c Output/mPower Release/Obj/security_manager.o
                0x000000000002eb60                sm_init
 .text.sm_ble_evt_handler
                0x000000000002ebac       0x20 Output/mPower Release/Obj/security_manager.o
                0x000000000002ebac                sm_ble_evt_handler
 .text.sm_sec_params_set
                0x000000000002ebcc       0x3c Output/mPower Release/Obj/security_manager.o
                0x000000000002ebcc                sm_sec_params_set
 .text.sm_conn_sec_config_reply
                0x000000000002ec08        0x4 Output/mPower Release/Obj/security_manager.o
                0x000000000002ec08                sm_conn_sec_config_reply
 .text.sd_softdevice_enable
                0x000000000002ec0c        0x4 Output/mPower Release/Obj/nrf_sdh.o
 .text.sd_softdevice_disable
                0x000000000002ec10        0x4 Output/mPower Release/Obj/nrf_sdh.o
 .text.sdh_request_observer_notify
                0x000000000002ec14       0x30 Output/mPower Release/Obj/nrf_sdh.o
 .text.sdh_state_observer_notify
                0x000000000002ec44       0x28 Output/mPower Release/Obj/nrf_sdh.o
 .text.softdevices_evt_irq_enable
                0x000000000002ec6c       0x38 Output/mPower Release/Obj/nrf_sdh.o
 .text.softdevice_evt_irq_disable
                0x000000000002eca4       0x24 Output/mPower Release/Obj/nrf_sdh.o
 .text.nrf_sdh_enable_request
                0x000000000002ecc8       0x88 Output/mPower Release/Obj/nrf_sdh.o
                0x000000000002ecc8                nrf_sdh_enable_request
 .text.nrf_sdh_disable_request
                0x000000000002ed50       0x60 Output/mPower Release/Obj/nrf_sdh.o
                0x000000000002ed50                nrf_sdh_disable_request
 .text.nrf_sdh_request_continue
                0x000000000002edb0       0x20 Output/mPower Release/Obj/nrf_sdh.o
                0x000000000002edb0                nrf_sdh_request_continue
 .text.nrf_sdh_is_enabled
                0x000000000002edd0        0xc Output/mPower Release/Obj/nrf_sdh.o
                0x000000000002edd0                nrf_sdh_is_enabled
 .text.nrf_sdh_evts_poll
                0x000000000002eddc       0x28 Output/mPower Release/Obj/nrf_sdh.o
                0x000000000002eddc                nrf_sdh_evts_poll
 .text.SWI2_EGU2_IRQHandler
                0x000000000002ee04        0x4 Output/mPower Release/Obj/nrf_sdh.o
                0x000000000002ee04                SWI2_EGU2_IRQHandler
 .text.sd_ble_enable
                0x000000000002ee08        0x4 Output/mPower Release/Obj/nrf_sdh_ble.o
 .text.sd_ble_cfg_set
                0x000000000002ee0c        0x4 Output/mPower Release/Obj/nrf_sdh_ble.o
 .text.sd_ble_evt_get
                0x000000000002ee10        0x4 Output/mPower Release/Obj/nrf_sdh_ble.o
 .text.nrf_sdh_ble_evts_poll
                0x000000000002ee14       0x50 Output/mPower Release/Obj/nrf_sdh_ble.o
 .text.nrf_sdh_ble_default_cfg_set
                0x000000000002ee64      0x154 Output/mPower Release/Obj/nrf_sdh_ble.o
                0x000000000002ee64                nrf_sdh_ble_default_cfg_set
 .text.nrf_sdh_ble_enable
                0x000000000002efb8       0x94 Output/mPower Release/Obj/nrf_sdh_ble.o
                0x000000000002efb8                nrf_sdh_ble_enable
 .text.sd_evt_get
                0x000000000002f04c        0x4 Output/mPower Release/Obj/nrf_sdh_soc.o
 .text.nrf_sdh_soc_evts_poll
                0x000000000002f050       0x3c Output/mPower Release/Obj/nrf_sdh_soc.o
 .text.libc.__int64_udivmod
                0x000000000002f08c       0xce C:/Program Files/SEGGER/SEGGER Embedded Studio for ARM 3.52a/lib/libc_v7em_fpv4_sp_d16_hard_t_le_eabi.a(libc_asm.o)
                0x000000000002f08c                __aeabi_uldivmod
                0x000000000002f08c                __int64_udiv
                0x000000000002f08c                __udivdi3
                0x000000000002f08c                __int64_udivmod
 *fill*         0x000000000002f15a        0x2 
 .text.libc.__RAL_ascii_isctype
                0x000000000002f15c       0x1c C:/Program Files/SEGGER/SEGGER Embedded Studio for ARM 3.52a/lib/libc_v7em_fpv4_sp_d16_hard_t_le_eabi.a(libc2.o)
 .text.libc.__RAL_ascii_toupper
                0x000000000002f178        0xc C:/Program Files/SEGGER/SEGGER Embedded Studio for ARM 3.52a/lib/libc_v7em_fpv4_sp_d16_hard_t_le_eabi.a(libc2.o)
 .text.libc.__RAL_ascii_tolower
                0x000000000002f184        0xc C:/Program Files/SEGGER/SEGGER Embedded Studio for ARM 3.52a/lib/libc_v7em_fpv4_sp_d16_hard_t_le_eabi.a(libc2.o)
 .text.libc.__RAL_ascii_iswctype
                0x000000000002f190       0x1c C:/Program Files/SEGGER/SEGGER Embedded Studio for ARM 3.52a/lib/libc_v7em_fpv4_sp_d16_hard_t_le_eabi.a(libc2.o)
 .text.libc.__RAL_ascii_towupper
                0x000000000002f1ac        0xc C:/Program Files/SEGGER/SEGGER Embedded Studio for ARM 3.52a/lib/libc_v7em_fpv4_sp_d16_hard_t_le_eabi.a(libc2.o)
 .text.libc.__RAL_ascii_towlower
                0x000000000002f1b8        0xc C:/Program Files/SEGGER/SEGGER Embedded Studio for ARM 3.52a/lib/libc_v7em_fpv4_sp_d16_hard_t_le_eabi.a(libc2.o)
 .text.libc.__RAL_ascii_wctomb
                0x000000000002f1c4        0xe C:/Program Files/SEGGER/SEGGER Embedded Studio for ARM 3.52a/lib/libc_v7em_fpv4_sp_d16_hard_t_le_eabi.a(libc2.o)
                0x000000000002f1c4                __RAL_ascii_wctomb
 .text.libc.__RAL_ascii_mbtowc
                0x000000000002f1d2       0x24 C:/Program Files/SEGGER/SEGGER Embedded Studio for ARM 3.52a/lib/libc_v7em_fpv4_sp_d16_hard_t_le_eabi.a(libc2.o)
                0x000000000002f1d2                __RAL_ascii_mbtowc
 .text.libc.__putc
                0x000000000002f1f6       0x34 C:/Program Files/SEGGER/SEGGER Embedded Studio for ARM 3.52a/lib/libc_v7em_fpv4_sp_d16_hard_t_le_eabi.a(libc2.o)
                0x000000000002f1f6                __putc
 .text.libc.__RAL_print_padding
                0x000000000002f22a       0x1c C:/Program Files/SEGGER/SEGGER Embedded Studio for ARM 3.52a/lib/libc_v7em_fpv4_sp_d16_hard_t_le_eabi.a(libc2.o)
                0x000000000002f22a                __RAL_print_padding
 .text.libc.__RAL_pre_padding
                0x000000000002f246       0x1c C:/Program Files/SEGGER/SEGGER Embedded Studio for ARM 3.52a/lib/libc_v7em_fpv4_sp_d16_hard_t_le_eabi.a(libc2.o)
                0x000000000002f246                __RAL_pre_padding
 *fill*         0x000000000002f262        0x2 
 .text.libc.__RAL_isctype
                0x000000000002f264       0x14 C:/Program Files/SEGGER/SEGGER Embedded Studio for ARM 3.52a/lib/libc_v7em_fpv4_sp_d16_hard_t_le_eabi.a(libc2.o)
                0x000000000002f264                __RAL_isctype
 .text.libc.isprint
                0x000000000002f278        0xa C:/Program Files/SEGGER/SEGGER Embedded Studio for ARM 3.52a/lib/libc_v7em_fpv4_sp_d16_hard_t_le_eabi.a(libc2.o)
                0x000000000002f278                isprint
 *fill*         0x000000000002f282        0x2 
 .text.libc.malloc
                0x000000000002f284       0x94 C:/Program Files/SEGGER/SEGGER Embedded Studio for ARM 3.52a/lib/libc_v7em_fpv4_sp_d16_hard_t_le_eabi.a(libc2.o)
                0x000000000002f284                malloc
 .text.libc.memcmp
                0x000000000002f318       0x6c C:/Program Files/SEGGER/SEGGER Embedded Studio for ARM 3.52a/lib/libc_v7em_fpv4_sp_d16_hard_t_le_eabi.a(libc2.o)
                0x000000000002f318                memcmp
 .text.libc.strnlen
                0x000000000002f384       0x20 C:/Program Files/SEGGER/SEGGER Embedded Studio for ARM 3.52a/lib/libc_v7em_fpv4_sp_d16_hard_t_le_eabi.a(libc2.o)
                0x000000000002f384                strnlen
 .text.libc.vsnprintf
                0x000000000002f3a4       0x1c C:/Program Files/SEGGER/SEGGER Embedded Studio for ARM 3.52a/lib/libc_v7em_fpv4_sp_d16_hard_t_le_eabi.a(libc2.o)
                0x000000000002f3a4                vsnprintf
 .text.libc.memcpy
                0x000000000002f3c0       0x52 C:/Program Files/SEGGER/SEGGER Embedded Studio for ARM 3.52a/lib/libc_v7em_fpv4_sp_d16_hard_t_le_eabi.a(libc2_asm.o)
                0x000000000002f3c0                __aeabi_memcpy
                0x000000000002f3c0                memcpy
                0x000000000002f3cc                __aeabi_memcpy8
                0x000000000002f3cc                __aeabi_memcpy4
 .text.libc.memset
                0x000000000002f412       0x66 C:/Program Files/SEGGER/SEGGER Embedded Studio for ARM 3.52a/lib/libc_v7em_fpv4_sp_d16_hard_t_le_eabi.a(libc2_asm.o)
                0x000000000002f412                memset
 .text.libc.strcpy
                0x000000000002f478       0x44 C:/Program Files/SEGGER/SEGGER Embedded Studio for ARM 3.52a/lib/libc_v7em_fpv4_sp_d16_hard_t_le_eabi.a(libc2_asm.o)
                0x000000000002f478                strcpy
 .text.libc.strlen
                0x000000000002f4bc       0x60 C:/Program Files/SEGGER/SEGGER Embedded Studio for ARM 3.52a/lib/libc_v7em_fpv4_sp_d16_hard_t_le_eabi.a(libc2_asm.o)
                0x000000000002f4bc                strlen
 .text.libc.__heap_lock
                0x000000000002f51c        0x2 C:/Program Files/SEGGER/SEGGER Embedded Studio for ARM 3.52a/lib/libc_v7em_fpv4_sp_d16_hard_t_le_eabi.a(libc.o)
                0x000000000002f51c                __heap_lock
 .text.libc.__heap_unlock
                0x000000000002f51e        0x2 C:/Program Files/SEGGER/SEGGER Embedded Studio for ARM 3.52a/lib/libc_v7em_fpv4_sp_d16_hard_t_le_eabi.a(libc.o)
                0x000000000002f51e                __heap_unlock
 .text.libc.__vfprintf_long
                0x000000000002f520      0x730 C:/Program Files/SEGGER/SEGGER Embedded Studio for ARM 3.52a/lib/libvfprintf_v7em_fpv4_sp_d16_hard_t_le_eabi.o
                0x000000000002f520                __vfprintf_long
                0x000000000002fc50                __text_end__ = (__text_start__ + SIZEOF (.text))
                0x000000000000995c                __text_size__ = SIZEOF (.text)
                0x000000000002fc50                __text_load_end__ = __text_end__

.vfp11_veneer   0x0000000100000000        0x0
 .vfp11_veneer  0x0000000100000000        0x0 linker stubs

.v4_bx          0x0000000100000000        0x0
 .v4_bx         0x0000000100000000        0x0 linker stubs

.iplt           0x0000000100000000        0x0
 .iplt          0x0000000100000000        0x0 Output/mPower Release/Obj/thumb_crt0.o
                0x0000000000000001                . = ASSERT (((__text_start__ == __text_end__) || ((__text_end__ >= __FLASH_segment_start__) && (__text_end__ <= __FLASH_segment_end__))), error: .text is too large to fit in FLASH memory segment)
                0x000000000002fc50                __sdh_soc_observers_load_start__ = ALIGN (__text_end__, 0x4)

.sdh_soc_observers
                0x000000000002fc50       0x18
                0x000000000002fc50                __sdh_soc_observers_start__ = .
                0x000000000002fc50                __start_sdh_soc_observers = __sdh_soc_observers_start__
 *(SORT_BY_NAME(.sdh_soc_observers*))
 .sdh_soc_observers0
                0x000000000002fc50        0x8 Output/mPower Release/Obj/nrf_fstorage_sd.o
 .sdh_soc_observers0
                0x000000000002fc58        0x8 Output/mPower Release/Obj/nrf_drv_clock.o
 .sdh_soc_observers1
                0x000000000002fc60        0x8 Output/mPower Release/Obj/main.o
                0x000000000002fc68                __sdh_soc_observers_end__ = (__sdh_soc_observers_start__ + SIZEOF (.sdh_soc_observers))
                0x0000000000000018                __sdh_soc_observers_size__ = SIZEOF (.sdh_soc_observers)
                0x000000000002fc68                __stop_sdh_soc_observers = __sdh_soc_observers_end__
                0x000000000002fc68                __sdh_soc_observers_load_end__ = __sdh_soc_observers_end__
                0x0000000000000001                . = ASSERT (((__sdh_soc_observers_start__ == __sdh_soc_observers_end__) || ((__sdh_soc_observers_end__ >= __FLASH_segment_start__) && (__sdh_soc_observers_end__ <= __FLASH_segment_end__))), error: .sdh_soc_observers is too large to fit in FLASH memory segment)
                0x000000000002fc68                __pwr_mgmt_data_load_start__ = ALIGN (__sdh_soc_observers_end__, 0x4)

.pwr_mgmt_data  0x000000000002fc68        0x0
                0x000000000002fc68                __pwr_mgmt_data_start__ = .
                0x000000000002fc68                __start_pwr_mgmt_data = __pwr_mgmt_data_start__
 *(SORT_BY_NAME(.pwr_mgmt_data*))
                0x000000000002fc68                __pwr_mgmt_data_end__ = (__pwr_mgmt_data_start__ + SIZEOF (.pwr_mgmt_data))
                0x0000000000000000                __pwr_mgmt_data_size__ = SIZEOF (.pwr_mgmt_data)
                0x000000000002fc68                __stop_pwr_mgmt_data = __pwr_mgmt_data_end__
                0x000000000002fc68                __pwr_mgmt_data_load_end__ = __pwr_mgmt_data_end__
                0x0000000000000001                . = ASSERT (((__pwr_mgmt_data_start__ == __pwr_mgmt_data_end__) || ((__pwr_mgmt_data_end__ >= __FLASH_segment_start__) && (__pwr_mgmt_data_end__ <= __FLASH_segment_end__))), error: .pwr_mgmt_data is too large to fit in FLASH memory segment)
                0x000000000002fc68                __sdh_ble_observers_load_start__ = ALIGN (__pwr_mgmt_data_end__, 0x4)

.sdh_ble_observers
                0x000000000002fc68       0x48
                0x000000000002fc68                __sdh_ble_observers_start__ = .
                0x000000000002fc68                __start_sdh_ble_observers = __sdh_ble_observers_start__
 *(SORT_BY_NAME(.sdh_ble_observers*))
 .sdh_ble_observers0